// Jest Snapshot v1, https://goo.gl/fbAQLP

exports[`NationListScreen renders correctly 1`] = `
ShallowWrapper {
  "length": 1,
  Symbol(enzyme.__root__): [Circular],
  Symbol(enzyme.__unrendered__): <NationsListScreen
    navigator={
      Object {
        "pop": [MockFunction],
        "push": [MockFunction],
        "setButtons": [MockFunction],
        "setOnNavigatorEvent": [MockFunction],
      }
    }
    store={
      Object {
        "clearActions": [Function],
        "dispatch": [Function],
        "getActions": [Function],
        "getState": [Function],
        "replaceReducer": [Function],
        "subscribe": [Function],
      }
    }
  />,
  Symbol(enzyme.__renderer__): Object {
    "batchedUpdates": [Function],
    "getNode": [Function],
    "render": [Function],
    "simulateEvent": [Function],
    "unmount": [Function],
  },
  Symbol(enzyme.__node__): Object {
    "instance": null,
    "key": undefined,
    "nodeType": "class",
    "props": Object {
      "children": Array [
        <BackgroundImage
          source={1}
          style={undefined}
        />,
        <FakeNavigationBar
          navBarHidden={false}
        />,
        <ScreenTitle
          title="Nations"
        />,
        <View
          style={
            Object {
              "alignItems": "center",
              "flexDirection": "row",
              "height": 44,
              "marginLeft": 125,
              "marginRight": 125,
            }
          }
        >
          <SegmentedControlTab
            accessibilityLabels={Array []}
            accessible={true}
            activeTabBadgeContainerStyle={Object {}}
            activeTabBadgeStyle={Object {}}
            activeTabOpacity={1}
            activeTabStyle={
              Object {
                "backgroundColor": "#FF8B00",
              }
            }
            activeTabTextStyle={Object {}}
            allowFontScaling={true}
            badges={
              Array [
                "",
                "",
                "",
              ]
            }
            borderRadius={5}
            enabled={true}
            multiple={false}
            onTabPress={[Function]}
            selectedIndex={1}
            selectedIndices={
              Array [
                0,
              ]
            }
            tabBadgeContainerStyle={Object {}}
            tabBadgeStyle={Object {}}
            tabStyle={
              Object {
                "backgroundColor": "transparent",
                "borderColor": "#FF8B00",
              }
            }
            tabTextStyle={
              Object {
                "backgroundColor": "transparent",
                "color": "#FF8B00",
              }
            }
            tabsContainerDisableStyle={
              Object {
                "opacity": 0.6,
              }
            }
            tabsContainerStyle={
              Object {
                "backgroundColor": "transparent",
              }
            }
            textNumberOfLines={1}
            values={
              Array [
                "All Nations",
                "My Nations",
              ]
            }
          />
        </View>,
        <SectionList
          ItemSeparatorComponent={[Function]}
          data={Array []}
          disableVirtualization={false}
          horizontal={false}
          initialNumToRender={10}
          keyExtractor={[Function]}
          maxToRenderPerBatch={10}
          onEndReachedThreshold={2}
          renderItem={[Function]}
          renderSectionHeader={[Function]}
          scrollEventThrottle={50}
          sections={Array []}
          stickySectionHeadersEnabled={true}
          style={
            Object {
              "flex": 1,
            }
          }
          updateCellsBatchingPeriod={50}
          windowSize={21}
        />,
        undefined,
      ],
      "style": Object {
        "alignItems": "stretch",
        "flex": 1,
        "flexDirection": "column",
        "justifyContent": "flex-start",
      },
    },
    "ref": null,
    "rendered": Array [
      Object {
        "instance": null,
        "key": undefined,
        "nodeType": "function",
        "props": Object {
          "source": 1,
          "style": undefined,
        },
        "ref": null,
        "rendered": null,
        "type": [Function],
      },
      Object {
        "instance": null,
        "key": undefined,
        "nodeType": "function",
        "props": Object {
          "navBarHidden": false,
        },
        "ref": null,
        "rendered": null,
        "type": [Function],
      },
      Object {
        "instance": null,
        "key": undefined,
        "nodeType": "function",
        "props": Object {
          "title": "Nations",
        },
        "ref": null,
        "rendered": null,
        "type": [Function],
      },
      Object {
        "instance": null,
        "key": undefined,
        "nodeType": "class",
        "props": Object {
          "children": <SegmentedControlTab
            accessibilityLabels={Array []}
            accessible={true}
            activeTabBadgeContainerStyle={Object {}}
            activeTabBadgeStyle={Object {}}
            activeTabOpacity={1}
            activeTabStyle={
              Object {
                "backgroundColor": "#FF8B00",
              }
            }
            activeTabTextStyle={Object {}}
            allowFontScaling={true}
            badges={
              Array [
                "",
                "",
                "",
              ]
            }
            borderRadius={5}
            enabled={true}
            multiple={false}
            onTabPress={[Function]}
            selectedIndex={1}
            selectedIndices={
              Array [
                0,
              ]
            }
            tabBadgeContainerStyle={Object {}}
            tabBadgeStyle={Object {}}
            tabStyle={
              Object {
                "backgroundColor": "transparent",
                "borderColor": "#FF8B00",
              }
            }
            tabTextStyle={
              Object {
                "backgroundColor": "transparent",
                "color": "#FF8B00",
              }
            }
            tabsContainerDisableStyle={
              Object {
                "opacity": 0.6,
              }
            }
            tabsContainerStyle={
              Object {
                "backgroundColor": "transparent",
              }
            }
            textNumberOfLines={1}
            values={
              Array [
                "All Nations",
                "My Nations",
              ]
            }
          />,
          "style": Object {
            "alignItems": "center",
            "flexDirection": "row",
            "height": 44,
            "marginLeft": 125,
            "marginRight": 125,
          },
        },
        "ref": null,
        "rendered": Object {
          "instance": null,
          "key": undefined,
          "nodeType": "function",
          "props": Object {
            "accessibilityLabels": Array [],
            "accessible": true,
            "activeTabBadgeContainerStyle": Object {},
            "activeTabBadgeStyle": Object {},
            "activeTabOpacity": 1,
            "activeTabStyle": Object {
              "backgroundColor": "#FF8B00",
            },
            "activeTabTextStyle": Object {},
            "allowFontScaling": true,
            "badges": Array [
              "",
              "",
              "",
            ],
            "borderRadius": 5,
            "enabled": true,
            "multiple": false,
            "onTabPress": [Function],
            "selectedIndex": 1,
            "selectedIndices": Array [
              0,
            ],
            "tabBadgeContainerStyle": Object {},
            "tabBadgeStyle": Object {},
            "tabStyle": Object {
              "backgroundColor": "transparent",
              "borderColor": "#FF8B00",
            },
            "tabTextStyle": Object {
              "backgroundColor": "transparent",
              "color": "#FF8B00",
            },
            "tabsContainerDisableStyle": Object {
              "opacity": 0.6,
            },
            "tabsContainerStyle": Object {
              "backgroundColor": "transparent",
            },
            "textNumberOfLines": 1,
            "values": Array [
              "All Nations",
              "My Nations",
            ],
          },
          "ref": null,
          "rendered": null,
          "type": [Function],
        },
        "type": [Function],
      },
      Object {
        "instance": null,
        "key": undefined,
        "nodeType": "class",
        "props": Object {
          "ItemSeparatorComponent": [Function],
          "data": Array [],
          "disableVirtualization": false,
          "horizontal": false,
          "initialNumToRender": 10,
          "keyExtractor": [Function],
          "maxToRenderPerBatch": 10,
          "onEndReachedThreshold": 2,
          "renderItem": [Function],
          "renderSectionHeader": [Function],
          "scrollEventThrottle": 50,
          "sections": Array [],
          "stickySectionHeadersEnabled": true,
          "style": Object {
            "flex": 1,
          },
          "updateCellsBatchingPeriod": 50,
          "windowSize": 21,
        },
        "ref": null,
        "rendered": null,
        "type": [Function],
      },
      undefined,
    ],
    "type": [Function],
  },
  Symbol(enzyme.__nodes__): Array [
    Object {
      "instance": null,
      "key": undefined,
      "nodeType": "class",
      "props": Object {
        "children": Array [
          <BackgroundImage
            source={1}
            style={undefined}
          />,
          <FakeNavigationBar
            navBarHidden={false}
          />,
          <ScreenTitle
            title="Nations"
          />,
          <View
            style={
              Object {
                "alignItems": "center",
                "flexDirection": "row",
                "height": 44,
                "marginLeft": 125,
                "marginRight": 125,
              }
            }
          >
            <SegmentedControlTab
              accessibilityLabels={Array []}
              accessible={true}
              activeTabBadgeContainerStyle={Object {}}
              activeTabBadgeStyle={Object {}}
              activeTabOpacity={1}
              activeTabStyle={
                Object {
                  "backgroundColor": "#FF8B00",
                }
              }
              activeTabTextStyle={Object {}}
              allowFontScaling={true}
              badges={
                Array [
                  "",
                  "",
                  "",
                ]
              }
              borderRadius={5}
              enabled={true}
              multiple={false}
              onTabPress={[Function]}
              selectedIndex={1}
              selectedIndices={
                Array [
                  0,
                ]
              }
              tabBadgeContainerStyle={Object {}}
              tabBadgeStyle={Object {}}
              tabStyle={
                Object {
                  "backgroundColor": "transparent",
                  "borderColor": "#FF8B00",
                }
              }
              tabTextStyle={
                Object {
                  "backgroundColor": "transparent",
                  "color": "#FF8B00",
                }
              }
              tabsContainerDisableStyle={
                Object {
                  "opacity": 0.6,
                }
              }
              tabsContainerStyle={
                Object {
                  "backgroundColor": "transparent",
                }
              }
              textNumberOfLines={1}
              values={
                Array [
                  "All Nations",
                  "My Nations",
                ]
              }
            />
          </View>,
          <SectionList
            ItemSeparatorComponent={[Function]}
            data={Array []}
            disableVirtualization={false}
            horizontal={false}
            initialNumToRender={10}
            keyExtractor={[Function]}
            maxToRenderPerBatch={10}
            onEndReachedThreshold={2}
            renderItem={[Function]}
            renderSectionHeader={[Function]}
            scrollEventThrottle={50}
            sections={Array []}
            stickySectionHeadersEnabled={true}
            style={
              Object {
                "flex": 1,
              }
            }
            updateCellsBatchingPeriod={50}
            windowSize={21}
          />,
          undefined,
        ],
        "style": Object {
          "alignItems": "stretch",
          "flex": 1,
          "flexDirection": "column",
          "justifyContent": "flex-start",
        },
      },
      "ref": null,
      "rendered": Array [
        Object {
          "instance": null,
          "key": undefined,
          "nodeType": "function",
          "props": Object {
            "source": 1,
            "style": undefined,
          },
          "ref": null,
          "rendered": null,
          "type": [Function],
        },
        Object {
          "instance": null,
          "key": undefined,
          "nodeType": "function",
          "props": Object {
            "navBarHidden": false,
          },
          "ref": null,
          "rendered": null,
          "type": [Function],
        },
        Object {
          "instance": null,
          "key": undefined,
          "nodeType": "function",
          "props": Object {
            "title": "Nations",
          },
          "ref": null,
          "rendered": null,
          "type": [Function],
        },
        Object {
          "instance": null,
          "key": undefined,
          "nodeType": "class",
          "props": Object {
            "children": <SegmentedControlTab
              accessibilityLabels={Array []}
              accessible={true}
              activeTabBadgeContainerStyle={Object {}}
              activeTabBadgeStyle={Object {}}
              activeTabOpacity={1}
              activeTabStyle={
                Object {
                  "backgroundColor": "#FF8B00",
                }
              }
              activeTabTextStyle={Object {}}
              allowFontScaling={true}
              badges={
                Array [
                  "",
                  "",
                  "",
                ]
              }
              borderRadius={5}
              enabled={true}
              multiple={false}
              onTabPress={[Function]}
              selectedIndex={1}
              selectedIndices={
                Array [
                  0,
                ]
              }
              tabBadgeContainerStyle={Object {}}
              tabBadgeStyle={Object {}}
              tabStyle={
                Object {
                  "backgroundColor": "transparent",
                  "borderColor": "#FF8B00",
                }
              }
              tabTextStyle={
                Object {
                  "backgroundColor": "transparent",
                  "color": "#FF8B00",
                }
              }
              tabsContainerDisableStyle={
                Object {
                  "opacity": 0.6,
                }
              }
              tabsContainerStyle={
                Object {
                  "backgroundColor": "transparent",
                }
              }
              textNumberOfLines={1}
              values={
                Array [
                  "All Nations",
                  "My Nations",
                ]
              }
            />,
            "style": Object {
              "alignItems": "center",
              "flexDirection": "row",
              "height": 44,
              "marginLeft": 125,
              "marginRight": 125,
            },
          },
          "ref": null,
          "rendered": Object {
            "instance": null,
            "key": undefined,
            "nodeType": "function",
            "props": Object {
              "accessibilityLabels": Array [],
              "accessible": true,
              "activeTabBadgeContainerStyle": Object {},
              "activeTabBadgeStyle": Object {},
              "activeTabOpacity": 1,
              "activeTabStyle": Object {
                "backgroundColor": "#FF8B00",
              },
              "activeTabTextStyle": Object {},
              "allowFontScaling": true,
              "badges": Array [
                "",
                "",
                "",
              ],
              "borderRadius": 5,
              "enabled": true,
              "multiple": false,
              "onTabPress": [Function],
              "selectedIndex": 1,
              "selectedIndices": Array [
                0,
              ],
              "tabBadgeContainerStyle": Object {},
              "tabBadgeStyle": Object {},
              "tabStyle": Object {
                "backgroundColor": "transparent",
                "borderColor": "#FF8B00",
              },
              "tabTextStyle": Object {
                "backgroundColor": "transparent",
                "color": "#FF8B00",
              },
              "tabsContainerDisableStyle": Object {
                "opacity": 0.6,
              },
              "tabsContainerStyle": Object {
                "backgroundColor": "transparent",
              },
              "textNumberOfLines": 1,
              "values": Array [
                "All Nations",
                "My Nations",
              ],
            },
            "ref": null,
            "rendered": null,
            "type": [Function],
          },
          "type": [Function],
        },
        Object {
          "instance": null,
          "key": undefined,
          "nodeType": "class",
          "props": Object {
            "ItemSeparatorComponent": [Function],
            "data": Array [],
            "disableVirtualization": false,
            "horizontal": false,
            "initialNumToRender": 10,
            "keyExtractor": [Function],
            "maxToRenderPerBatch": 10,
            "onEndReachedThreshold": 2,
            "renderItem": [Function],
            "renderSectionHeader": [Function],
            "scrollEventThrottle": 50,
            "sections": Array [],
            "stickySectionHeadersEnabled": true,
            "style": Object {
              "flex": 1,
            },
            "updateCellsBatchingPeriod": 50,
            "windowSize": 21,
          },
          "ref": null,
          "rendered": null,
          "type": [Function],
        },
        undefined,
      ],
      "type": [Function],
    },
  ],
  Symbol(enzyme.__options__): Object {
    "adapter": ReactSixteenAdapter {
      "options": Object {
        "enableComponentDidUpdateOnSetState": true,
      },
    },
  },
}
`;
