// Jest Snapshot v1, https://goo.gl/fbAQLP

exports[`Testing Button component Press works 1`] = `
ShallowWrapper {
  "length": 1,
  Symbol(enzyme.__root__): [Circular],
  Symbol(enzyme.__unrendered__): <Button
    enabled={true}
    onPress={[MockFunction]}
  />,
  Symbol(enzyme.__renderer__): Object {
    "batchedUpdates": [Function],
    "getNode": [Function],
    "render": [Function],
    "simulateEvent": [Function],
    "unmount": [Function],
  },
  Symbol(enzyme.__node__): Object {
    "instance": null,
    "key": undefined,
    "nodeType": "class",
    "props": Object {
      "children": <TouchableOpacity
        activeOpacity={0.2}
        onPress={[MockFunction]}
        style={
          Array [
            Object {
              "marginLeft": 13,
              "marginRight": 13,
            },
          ]
        }
      >
        <_Text
          buttonTitle={true}
          disabledButtonTitle={false}
        />
      </TouchableOpacity>,
      "style": Array [
        Object {
          "borderRadius": 15,
          "height": 30,
          "justifyContent": "center",
        },
        Object {
          "backgroundColor": "#1C497E",
        },
        undefined,
      ],
    },
    "ref": null,
    "rendered": Object {
      "instance": null,
      "key": undefined,
      "nodeType": "class",
      "props": Object {
        "activeOpacity": 0.2,
        "children": <_Text
          buttonTitle={true}
          disabledButtonTitle={false}
        />,
        "onPress": [MockFunction],
        "style": Array [
          Object {
            "marginLeft": 13,
            "marginRight": 13,
          },
        ],
      },
      "ref": null,
      "rendered": Object {
        "instance": null,
        "key": undefined,
        "nodeType": "class",
        "props": Object {
          "buttonTitle": true,
          "children": undefined,
          "disabledButtonTitle": false,
        },
        "ref": null,
        "rendered": null,
        "type": [Function],
      },
      "type": [Function],
    },
    "type": [Function],
  },
  Symbol(enzyme.__nodes__): Array [
    Object {
      "instance": null,
      "key": undefined,
      "nodeType": "class",
      "props": Object {
        "children": <TouchableOpacity
          activeOpacity={0.2}
          onPress={[MockFunction]}
          style={
            Array [
              Object {
                "marginLeft": 13,
                "marginRight": 13,
              },
            ]
          }
        >
          <_Text
            buttonTitle={true}
            disabledButtonTitle={false}
          />
        </TouchableOpacity>,
        "style": Array [
          Object {
            "borderRadius": 15,
            "height": 30,
            "justifyContent": "center",
          },
          Object {
            "backgroundColor": "#1C497E",
          },
          undefined,
        ],
      },
      "ref": null,
      "rendered": Object {
        "instance": null,
        "key": undefined,
        "nodeType": "class",
        "props": Object {
          "activeOpacity": 0.2,
          "children": <_Text
            buttonTitle={true}
            disabledButtonTitle={false}
          />,
          "onPress": [MockFunction],
          "style": Array [
            Object {
              "marginLeft": 13,
              "marginRight": 13,
            },
          ],
        },
        "ref": null,
        "rendered": Object {
          "instance": null,
          "key": undefined,
          "nodeType": "class",
          "props": Object {
            "buttonTitle": true,
            "children": undefined,
            "disabledButtonTitle": false,
          },
          "ref": null,
          "rendered": null,
          "type": [Function],
        },
        "type": [Function],
      },
      "type": [Function],
    },
  ],
  Symbol(enzyme.__options__): Object {
    "adapter": ReactSixteenAdapter {
      "options": Object {
        "enableComponentDidUpdateOnSetState": true,
      },
    },
  },
}
`;
