// Jest Snapshot v1, https://goo.gl/fbAQLP

exports[`WalletCard component tests Press on Send/Receive Buttons 1`] = `
ShallowWrapper {
  "length": 1,
  Symbol(enzyme.__root__): [Circular],
  Symbol(enzyme.__unrendered__): <WalletCard
    balance="Testing balance"
    imagePath={1}
    nameHeading="Testing Press"
    onReceivePress={[Function]}
    onSendPress={[Function]}
    onTransactionPress={[Function]}
  />,
  Symbol(enzyme.__renderer__): Object {
    "batchedUpdates": [Function],
    "getNode": [Function],
    "render": [Function],
    "simulateEvent": [Function],
    "unmount": [Function],
  },
  Symbol(enzyme.__node__): Object {
    "instance": null,
    "key": undefined,
    "nodeType": "class",
    "props": Object {
      "children": <View
        style={
          Object {
            "alignItems": "stretch",
            "backgroundColor": "white",
            "borderRadius": 15,
            "flex": 1,
            "flexDirection": "row",
            "justifyContent": "flex-start",
          }
        }
      >
        <Image
          resizeMode="contain"
          source={1}
          style={
            Object {
              "marginRight": 5,
              "marginTop": 36,
              "width": 55,
            }
          }
        />
        <View
          style={
            Object {
              "flex": 1,
              "justifyContent": "flex-start",
              "marginLeft": 0,
            }
          }
        >
          <View
            style={
              Object {
                "flex": 1,
              }
            }
          />
          <Text
            accessible={true}
            allowFontScaling={true}
            ellipsizeMode="tail"
            style={
              Object {
                "color": "#929497",
                "fontSize": 17,
                "fontWeight": "bold",
                "marginBottom": 4,
              }
            }
          >
            Testing Press
          </Text>
          <Text
            accessible={true}
            allowFontScaling={true}
            ellipsizeMode="tail"
            style={
              Object {
                "color": "#FFCE00",
                "fontSize": 30,
              }
            }
          >
            Testing balance
          </Text>
          <View
            style={
              Object {
                "flex": 1,
              }
            }
          />
          <View
            style={
              Object {
                "flexDirection": "row",
              }
            }
          >
            <Button
              enabled={true}
              onPress={[Function]}
              style={
                Object {
                  "height": 36,
                }
              }
              title="Send"
            />
            <Button
              enabled={true}
              onPress={[Function]}
              style={
                Object {
                  "height": 36,
                }
              }
              title="Receive"
            />
            <Button
              enabled={true}
              onPress={[Function]}
              style={
                Object {
                  "height": 36,
                }
              }
              title="Transactions"
            />
          </View>
        </View>
      </View>,
      "style": Object {
        "alignItems": "stretch",
        "backgroundColor": "transparent",
        "flex": 1,
        "height": 130,
        "marginTop": 5,
      },
    },
    "ref": null,
    "rendered": Object {
      "instance": null,
      "key": undefined,
      "nodeType": "class",
      "props": Object {
        "children": Array [
          <Image
            resizeMode="contain"
            source={1}
            style={
              Object {
                "marginRight": 5,
                "marginTop": 36,
                "width": 55,
              }
            }
          />,
          <View
            style={
              Object {
                "flex": 1,
                "justifyContent": "flex-start",
                "marginLeft": 0,
              }
            }
          >
            <View
              style={
                Object {
                  "flex": 1,
                }
              }
            />
            <Text
              accessible={true}
              allowFontScaling={true}
              ellipsizeMode="tail"
              style={
                Object {
                  "color": "#929497",
                  "fontSize": 17,
                  "fontWeight": "bold",
                  "marginBottom": 4,
                }
              }
            >
              Testing Press
            </Text>
            <Text
              accessible={true}
              allowFontScaling={true}
              ellipsizeMode="tail"
              style={
                Object {
                  "color": "#FFCE00",
                  "fontSize": 30,
                }
              }
            >
              Testing balance
            </Text>
            <View
              style={
                Object {
                  "flex": 1,
                }
              }
            />
            <View
              style={
                Object {
                  "flexDirection": "row",
                }
              }
            >
              <Button
                enabled={true}
                onPress={[Function]}
                style={
                  Object {
                    "height": 36,
                  }
                }
                title="Send"
              />
              <Button
                enabled={true}
                onPress={[Function]}
                style={
                  Object {
                    "height": 36,
                  }
                }
                title="Receive"
              />
              <Button
                enabled={true}
                onPress={[Function]}
                style={
                  Object {
                    "height": 36,
                  }
                }
                title="Transactions"
              />
            </View>
          </View>,
        ],
        "style": Object {
          "alignItems": "stretch",
          "backgroundColor": "white",
          "borderRadius": 15,
          "flex": 1,
          "flexDirection": "row",
          "justifyContent": "flex-start",
        },
      },
      "ref": null,
      "rendered": Array [
        Object {
          "instance": null,
          "key": undefined,
          "nodeType": "class",
          "props": Object {
            "resizeMode": "contain",
            "source": 1,
            "style": Object {
              "marginRight": 5,
              "marginTop": 36,
              "width": 55,
            },
          },
          "ref": null,
          "rendered": null,
          "type": [Function],
        },
        Object {
          "instance": null,
          "key": undefined,
          "nodeType": "class",
          "props": Object {
            "children": Array [
              <View
                style={
                  Object {
                    "flex": 1,
                  }
                }
              />,
              <Text
                accessible={true}
                allowFontScaling={true}
                ellipsizeMode="tail"
                style={
                  Object {
                    "color": "#929497",
                    "fontSize": 17,
                    "fontWeight": "bold",
                    "marginBottom": 4,
                  }
                }
              >
                Testing Press
              </Text>,
              <Text
                accessible={true}
                allowFontScaling={true}
                ellipsizeMode="tail"
                style={
                  Object {
                    "color": "#FFCE00",
                    "fontSize": 30,
                  }
                }
              >
                Testing balance
              </Text>,
              <View
                style={
                  Object {
                    "flex": 1,
                  }
                }
              />,
              <View
                style={
                  Object {
                    "flexDirection": "row",
                  }
                }
              >
                <Button
                  enabled={true}
                  onPress={[Function]}
                  style={
                    Object {
                      "height": 36,
                    }
                  }
                  title="Send"
                />
                <Button
                  enabled={true}
                  onPress={[Function]}
                  style={
                    Object {
                      "height": 36,
                    }
                  }
                  title="Receive"
                />
                <Button
                  enabled={true}
                  onPress={[Function]}
                  style={
                    Object {
                      "height": 36,
                    }
                  }
                  title="Transactions"
                />
              </View>,
            ],
            "style": Object {
              "flex": 1,
              "justifyContent": "flex-start",
              "marginLeft": 0,
            },
          },
          "ref": null,
          "rendered": Array [
            Object {
              "instance": null,
              "key": undefined,
              "nodeType": "class",
              "props": Object {
                "style": Object {
                  "flex": 1,
                },
              },
              "ref": null,
              "rendered": null,
              "type": [Function],
            },
            Object {
              "instance": null,
              "key": undefined,
              "nodeType": "class",
              "props": Object {
                "accessible": true,
                "allowFontScaling": true,
                "children": "Testing Press",
                "ellipsizeMode": "tail",
                "style": Object {
                  "color": "#929497",
                  "fontSize": 17,
                  "fontWeight": "bold",
                  "marginBottom": 4,
                },
              },
              "ref": null,
              "rendered": "Testing Press",
              "type": [Function],
            },
            Object {
              "instance": null,
              "key": undefined,
              "nodeType": "class",
              "props": Object {
                "accessible": true,
                "allowFontScaling": true,
                "children": "Testing balance",
                "ellipsizeMode": "tail",
                "style": Object {
                  "color": "#FFCE00",
                  "fontSize": 30,
                },
              },
              "ref": null,
              "rendered": "Testing balance",
              "type": [Function],
            },
            Object {
              "instance": null,
              "key": undefined,
              "nodeType": "class",
              "props": Object {
                "style": Object {
                  "flex": 1,
                },
              },
              "ref": null,
              "rendered": null,
              "type": [Function],
            },
            Object {
              "instance": null,
              "key": undefined,
              "nodeType": "class",
              "props": Object {
                "children": Array [
                  <Button
                    enabled={true}
                    onPress={[Function]}
                    style={
                      Object {
                        "height": 36,
                      }
                    }
                    title="Send"
                  />,
                  <Button
                    enabled={true}
                    onPress={[Function]}
                    style={
                      Object {
                        "height": 36,
                      }
                    }
                    title="Receive"
                  />,
                  <Button
                    enabled={true}
                    onPress={[Function]}
                    style={
                      Object {
                        "height": 36,
                      }
                    }
                    title="Transactions"
                  />,
                ],
                "style": Object {
                  "flexDirection": "row",
                },
              },
              "ref": null,
              "rendered": Array [
                Object {
                  "instance": null,
                  "key": undefined,
                  "nodeType": "function",
                  "props": Object {
                    "enabled": true,
                    "onPress": [Function],
                    "style": Object {
                      "height": 36,
                    },
                    "title": "Send",
                  },
                  "ref": null,
                  "rendered": null,
                  "type": [Function],
                },
                Object {
                  "instance": null,
                  "key": undefined,
                  "nodeType": "function",
                  "props": Object {
                    "enabled": true,
                    "onPress": [Function],
                    "style": Object {
                      "height": 36,
                    },
                    "title": "Receive",
                  },
                  "ref": null,
                  "rendered": null,
                  "type": [Function],
                },
                Object {
                  "instance": null,
                  "key": undefined,
                  "nodeType": "function",
                  "props": Object {
                    "enabled": true,
                    "onPress": [Function],
                    "style": Object {
                      "height": 36,
                    },
                    "title": "Transactions",
                  },
                  "ref": null,
                  "rendered": null,
                  "type": [Function],
                },
              ],
              "type": [Function],
            },
          ],
          "type": [Function],
        },
      ],
      "type": [Function],
    },
    "type": [Function],
  },
  Symbol(enzyme.__nodes__): Array [
    Object {
      "instance": null,
      "key": undefined,
      "nodeType": "class",
      "props": Object {
        "children": <View
          style={
            Object {
              "alignItems": "stretch",
              "backgroundColor": "white",
              "borderRadius": 15,
              "flex": 1,
              "flexDirection": "row",
              "justifyContent": "flex-start",
            }
          }
        >
          <Image
            resizeMode="contain"
            source={1}
            style={
              Object {
                "marginRight": 5,
                "marginTop": 36,
                "width": 55,
              }
            }
          />
          <View
            style={
              Object {
                "flex": 1,
                "justifyContent": "flex-start",
                "marginLeft": 0,
              }
            }
          >
            <View
              style={
                Object {
                  "flex": 1,
                }
              }
            />
            <Text
              accessible={true}
              allowFontScaling={true}
              ellipsizeMode="tail"
              style={
                Object {
                  "color": "#929497",
                  "fontSize": 17,
                  "fontWeight": "bold",
                  "marginBottom": 4,
                }
              }
            >
              Testing Press
            </Text>
            <Text
              accessible={true}
              allowFontScaling={true}
              ellipsizeMode="tail"
              style={
                Object {
                  "color": "#FFCE00",
                  "fontSize": 30,
                }
              }
            >
              Testing balance
            </Text>
            <View
              style={
                Object {
                  "flex": 1,
                }
              }
            />
            <View
              style={
                Object {
                  "flexDirection": "row",
                }
              }
            >
              <Button
                enabled={true}
                onPress={[Function]}
                style={
                  Object {
                    "height": 36,
                  }
                }
                title="Send"
              />
              <Button
                enabled={true}
                onPress={[Function]}
                style={
                  Object {
                    "height": 36,
                  }
                }
                title="Receive"
              />
              <Button
                enabled={true}
                onPress={[Function]}
                style={
                  Object {
                    "height": 36,
                  }
                }
                title="Transactions"
              />
            </View>
          </View>
        </View>,
        "style": Object {
          "alignItems": "stretch",
          "backgroundColor": "transparent",
          "flex": 1,
          "height": 130,
          "marginTop": 5,
        },
      },
      "ref": null,
      "rendered": Object {
        "instance": null,
        "key": undefined,
        "nodeType": "class",
        "props": Object {
          "children": Array [
            <Image
              resizeMode="contain"
              source={1}
              style={
                Object {
                  "marginRight": 5,
                  "marginTop": 36,
                  "width": 55,
                }
              }
            />,
            <View
              style={
                Object {
                  "flex": 1,
                  "justifyContent": "flex-start",
                  "marginLeft": 0,
                }
              }
            >
              <View
                style={
                  Object {
                    "flex": 1,
                  }
                }
              />
              <Text
                accessible={true}
                allowFontScaling={true}
                ellipsizeMode="tail"
                style={
                  Object {
                    "color": "#929497",
                    "fontSize": 17,
                    "fontWeight": "bold",
                    "marginBottom": 4,
                  }
                }
              >
                Testing Press
              </Text>
              <Text
                accessible={true}
                allowFontScaling={true}
                ellipsizeMode="tail"
                style={
                  Object {
                    "color": "#FFCE00",
                    "fontSize": 30,
                  }
                }
              >
                Testing balance
              </Text>
              <View
                style={
                  Object {
                    "flex": 1,
                  }
                }
              />
              <View
                style={
                  Object {
                    "flexDirection": "row",
                  }
                }
              >
                <Button
                  enabled={true}
                  onPress={[Function]}
                  style={
                    Object {
                      "height": 36,
                    }
                  }
                  title="Send"
                />
                <Button
                  enabled={true}
                  onPress={[Function]}
                  style={
                    Object {
                      "height": 36,
                    }
                  }
                  title="Receive"
                />
                <Button
                  enabled={true}
                  onPress={[Function]}
                  style={
                    Object {
                      "height": 36,
                    }
                  }
                  title="Transactions"
                />
              </View>
            </View>,
          ],
          "style": Object {
            "alignItems": "stretch",
            "backgroundColor": "white",
            "borderRadius": 15,
            "flex": 1,
            "flexDirection": "row",
            "justifyContent": "flex-start",
          },
        },
        "ref": null,
        "rendered": Array [
          Object {
            "instance": null,
            "key": undefined,
            "nodeType": "class",
            "props": Object {
              "resizeMode": "contain",
              "source": 1,
              "style": Object {
                "marginRight": 5,
                "marginTop": 36,
                "width": 55,
              },
            },
            "ref": null,
            "rendered": null,
            "type": [Function],
          },
          Object {
            "instance": null,
            "key": undefined,
            "nodeType": "class",
            "props": Object {
              "children": Array [
                <View
                  style={
                    Object {
                      "flex": 1,
                    }
                  }
                />,
                <Text
                  accessible={true}
                  allowFontScaling={true}
                  ellipsizeMode="tail"
                  style={
                    Object {
                      "color": "#929497",
                      "fontSize": 17,
                      "fontWeight": "bold",
                      "marginBottom": 4,
                    }
                  }
                >
                  Testing Press
                </Text>,
                <Text
                  accessible={true}
                  allowFontScaling={true}
                  ellipsizeMode="tail"
                  style={
                    Object {
                      "color": "#FFCE00",
                      "fontSize": 30,
                    }
                  }
                >
                  Testing balance
                </Text>,
                <View
                  style={
                    Object {
                      "flex": 1,
                    }
                  }
                />,
                <View
                  style={
                    Object {
                      "flexDirection": "row",
                    }
                  }
                >
                  <Button
                    enabled={true}
                    onPress={[Function]}
                    style={
                      Object {
                        "height": 36,
                      }
                    }
                    title="Send"
                  />
                  <Button
                    enabled={true}
                    onPress={[Function]}
                    style={
                      Object {
                        "height": 36,
                      }
                    }
                    title="Receive"
                  />
                  <Button
                    enabled={true}
                    onPress={[Function]}
                    style={
                      Object {
                        "height": 36,
                      }
                    }
                    title="Transactions"
                  />
                </View>,
              ],
              "style": Object {
                "flex": 1,
                "justifyContent": "flex-start",
                "marginLeft": 0,
              },
            },
            "ref": null,
            "rendered": Array [
              Object {
                "instance": null,
                "key": undefined,
                "nodeType": "class",
                "props": Object {
                  "style": Object {
                    "flex": 1,
                  },
                },
                "ref": null,
                "rendered": null,
                "type": [Function],
              },
              Object {
                "instance": null,
                "key": undefined,
                "nodeType": "class",
                "props": Object {
                  "accessible": true,
                  "allowFontScaling": true,
                  "children": "Testing Press",
                  "ellipsizeMode": "tail",
                  "style": Object {
                    "color": "#929497",
                    "fontSize": 17,
                    "fontWeight": "bold",
                    "marginBottom": 4,
                  },
                },
                "ref": null,
                "rendered": "Testing Press",
                "type": [Function],
              },
              Object {
                "instance": null,
                "key": undefined,
                "nodeType": "class",
                "props": Object {
                  "accessible": true,
                  "allowFontScaling": true,
                  "children": "Testing balance",
                  "ellipsizeMode": "tail",
                  "style": Object {
                    "color": "#FFCE00",
                    "fontSize": 30,
                  },
                },
                "ref": null,
                "rendered": "Testing balance",
                "type": [Function],
              },
              Object {
                "instance": null,
                "key": undefined,
                "nodeType": "class",
                "props": Object {
                  "style": Object {
                    "flex": 1,
                  },
                },
                "ref": null,
                "rendered": null,
                "type": [Function],
              },
              Object {
                "instance": null,
                "key": undefined,
                "nodeType": "class",
                "props": Object {
                  "children": Array [
                    <Button
                      enabled={true}
                      onPress={[Function]}
                      style={
                        Object {
                          "height": 36,
                        }
                      }
                      title="Send"
                    />,
                    <Button
                      enabled={true}
                      onPress={[Function]}
                      style={
                        Object {
                          "height": 36,
                        }
                      }
                      title="Receive"
                    />,
                    <Button
                      enabled={true}
                      onPress={[Function]}
                      style={
                        Object {
                          "height": 36,
                        }
                      }
                      title="Transactions"
                    />,
                  ],
                  "style": Object {
                    "flexDirection": "row",
                  },
                },
                "ref": null,
                "rendered": Array [
                  Object {
                    "instance": null,
                    "key": undefined,
                    "nodeType": "function",
                    "props": Object {
                      "enabled": true,
                      "onPress": [Function],
                      "style": Object {
                        "height": 36,
                      },
                      "title": "Send",
                    },
                    "ref": null,
                    "rendered": null,
                    "type": [Function],
                  },
                  Object {
                    "instance": null,
                    "key": undefined,
                    "nodeType": "function",
                    "props": Object {
                      "enabled": true,
                      "onPress": [Function],
                      "style": Object {
                        "height": 36,
                      },
                      "title": "Receive",
                    },
                    "ref": null,
                    "rendered": null,
                    "type": [Function],
                  },
                  Object {
                    "instance": null,
                    "key": undefined,
                    "nodeType": "function",
                    "props": Object {
                      "enabled": true,
                      "onPress": [Function],
                      "style": Object {
                        "height": 36,
                      },
                      "title": "Transactions",
                    },
                    "ref": null,
                    "rendered": null,
                    "type": [Function],
                  },
                ],
                "type": [Function],
              },
            ],
            "type": [Function],
          },
        ],
        "type": [Function],
      },
      "type": [Function],
    },
  ],
  Symbol(enzyme.__options__): Object {
    "adapter": ReactSixteenAdapter {
      "options": Object {
        "enableComponentDidUpdateOnSetState": true,
      },
    },
  },
}
`;

exports[`WalletCard component tests Rendering 1`] = `
<View
  style={
    Object {
      "alignItems": "stretch",
      "backgroundColor": "transparent",
      "flex": 1,
      "height": 130,
      "marginTop": 5,
    }
  }
>
  <View
    style={
      Object {
        "alignItems": "stretch",
        "backgroundColor": "white",
        "borderRadius": 15,
        "flex": 1,
        "flexDirection": "row",
        "justifyContent": "flex-start",
      }
    }
  >
    <Image
      resizeMode="contain"
      source={1}
      style={
        Object {
          "marginRight": 5,
          "marginTop": 36,
          "width": 55,
        }
      }
    />
    <View
      style={
        Object {
          "flex": 1,
          "justifyContent": "flex-start",
          "marginLeft": 0,
        }
      }
    >
      <View
        style={
          Object {
            "flex": 1,
          }
        }
      />
      <Text
        accessible={true}
        allowFontScaling={true}
        ellipsizeMode="tail"
        style={
          Object {
            "color": "#929497",
            "fontSize": 17,
            "fontWeight": "bold",
            "marginBottom": 4,
          }
        }
      >
        Testing Wallet
      </Text>
      <Text
        accessible={true}
        allowFontScaling={true}
        ellipsizeMode="tail"
        style={
          Object {
            "color": "#FFCE00",
            "fontSize": 30,
          }
        }
      >
        Testing Balance
      </Text>
      <View
        style={
          Object {
            "flex": 1,
          }
        }
      />
      <View
        style={
          Object {
            "flexDirection": "row",
          }
        }
      >
        <View
          style={
            Array [
              Object {
                "borderRadius": 15,
                "height": 30,
                "justifyContent": "center",
              },
              Object {
                "height": 36,
              },
            ]
          }
        >
          <View
            accessibilityComponentType={undefined}
            accessibilityLabel={undefined}
            accessibilityTraits={undefined}
            accessible={true}
            collapsable={undefined}
            hasTVPreferredFocus={undefined}
            hitSlop={undefined}
            isTVSelectable={true}
            nativeID={undefined}
            onLayout={undefined}
            onResponderGrant={[Function]}
            onResponderMove={[Function]}
            onResponderRelease={[Function]}
            onResponderTerminate={[Function]}
            onResponderTerminationRequest={[Function]}
            onStartShouldSetResponder={[Function]}
            style={
              Object {
                "flexDirection": "row",
                "justifyContent": "flex-start",
                "marginLeft": 18,
                "opacity": 1,
              }
            }
            testID="Touchable"
            tvParallaxProperties={undefined}
          >
            <Text
              accessible={true}
              allowFontScaling={true}
              ellipsizeMode="tail"
              style={
                Object {
                  "color": "#FF8B00",
                  "fontSize": 14,
                  "fontWeight": "bold",
                  "textAlign": "center",
                }
              }
            >
              Send
            </Text>
          </View>
        </View>
        <View
          style={
            Array [
              Object {
                "borderRadius": 15,
                "height": 30,
                "justifyContent": "center",
              },
              Object {
                "height": 36,
              },
            ]
          }
        >
          <View
            accessibilityComponentType={undefined}
            accessibilityLabel={undefined}
            accessibilityTraits={undefined}
            accessible={true}
            collapsable={undefined}
            hasTVPreferredFocus={undefined}
            hitSlop={undefined}
            isTVSelectable={true}
            nativeID={undefined}
            onLayout={undefined}
            onResponderGrant={[Function]}
            onResponderMove={[Function]}
            onResponderRelease={[Function]}
            onResponderTerminate={[Function]}
            onResponderTerminationRequest={[Function]}
            onStartShouldSetResponder={[Function]}
            style={
              Object {
                "flexDirection": "row",
                "justifyContent": "flex-start",
                "marginLeft": 18,
                "opacity": 1,
              }
            }
            testID="Touchable"
            tvParallaxProperties={undefined}
          >
            <Text
              accessible={true}
              allowFontScaling={true}
              ellipsizeMode="tail"
              style={
                Object {
                  "color": "#FF8B00",
                  "fontSize": 14,
                  "fontWeight": "bold",
                  "textAlign": "center",
                }
              }
            >
              Receive
            </Text>
          </View>
        </View>
        <View
          style={
            Array [
              Object {
                "borderRadius": 15,
                "height": 30,
                "justifyContent": "center",
              },
              Object {
                "height": 36,
              },
            ]
          }
        >
          <View
            accessibilityComponentType={undefined}
            accessibilityLabel={undefined}
            accessibilityTraits={undefined}
            accessible={true}
            collapsable={undefined}
            hasTVPreferredFocus={undefined}
            hitSlop={undefined}
            isTVSelectable={true}
            nativeID={undefined}
            onLayout={undefined}
            onResponderGrant={[Function]}
            onResponderMove={[Function]}
            onResponderRelease={[Function]}
            onResponderTerminate={[Function]}
            onResponderTerminationRequest={[Function]}
            onStartShouldSetResponder={[Function]}
            style={
              Object {
                "flexDirection": "row",
                "justifyContent": "flex-start",
                "marginLeft": 18,
                "opacity": 1,
              }
            }
            testID="Touchable"
            tvParallaxProperties={undefined}
          >
            <Text
              accessible={true}
              allowFontScaling={true}
              ellipsizeMode="tail"
              style={
                Object {
                  "color": "#FF8B00",
                  "fontSize": 14,
                  "fontWeight": "bold",
                  "textAlign": "center",
                }
              }
            >
              Transactions
            </Text>
          </View>
        </View>
      </View>
    </View>
  </View>
</View>
`;
