// Jest Snapshot v1, https://goo.gl/fbAQLP

exports[`ConfirmKeyInstructionScreen renders correctly 1`] = `
ShallowWrapper {
  "length": 1,
  Symbol(enzyme.__root__): [Circular],
  Symbol(enzyme.__unrendered__): <ConfirmKeyInstructionScreen
    navigator={
      Object {
        "push": [MockFunction],
        "setOnNavigatorEvent": [MockFunction] {
          "calls": Array [
            Array [
              [Function],
            ],
          ],
        },
      }
    }
    store={
      Object {
        "clearActions": [Function],
        "dispatch": [Function],
        "getActions": [Function],
        "getState": [Function],
        "replaceReducer": [Function],
        "subscribe": [Function],
      }
    }
  />,
  Symbol(enzyme.__renderer__): Object {
    "batchedUpdates": [Function],
    "getNode": [Function],
    "render": [Function],
    "simulateEvent": [Function],
    "unmount": [Function],
  },
  Symbol(enzyme.__node__): Object {
    "instance": null,
    "key": undefined,
    "nodeType": "class",
    "props": Object {
      "children": Array [
        <BackgroundImage
          source={
            Object {
              "testUri": "../../../src/assets/images/background.jpg",
            }
          }
          style={undefined}
        />,
        <FakeNavigationBar
          navBarHidden={false}
        />,
        <View
          style={
            Object {
              "alignContent": "flex-start",
              "flex": 1,
              "flexDirection": "column",
              "justifyContent": "flex-start",
              "marginLeft": 8,
              "marginRight": 8,
            }
          }
        >
          <ScrollViewMock
            contentContainerStyle={
              Object {
                "flex": 0,
              }
            }
            style={
              Object {
                "flex": 1,
              }
            }
          >
            <PanelView
              buttonTitle="Begin"
              onButtonClick={[Function]}
              style={
                Object {
                  "backgroundColor": "transparent",
                  "borderRadius": 8,
                  "flexDirection": "column",
                  "justifyContent": "space-between",
                  "marginBottom": 8,
                  "marginLeft": 0,
                  "marginRight": 0,
                  "marginTop": 8,
                  "paddingBottom": 4,
                  "paddingLeft": 8,
                  "paddingRight": 8,
                  "paddingTop": 4,
                }
              }
              titleStyle={
                Object {
                  "color": "white",
                  "fontFamily": "Roboto",
                  "fontSize": 22,
                  "fontWeight": "bold",
                  "letterSpacing": 0,
                  "lineHeight": 28,
                  "textAlign": "left",
                }
              }
            >
              <BodyParagraphs
                paragraphs={
                  Array [
                    "We will show you a group of 24 words that is the private key of your account.",
                  ]
                }
              />
              <View
                style={
                  Object {
                    "alignItems": "center",
                    "justifyContent": "center",
                  }
                }
              >
                <Image
                  resizeMode="contain"
                  source={1}
                  style={
                    Object {
                      "height": 555.84,
                      "width": 720,
                    }
                  }
                />
              </View>
              <BodyParagraphs
                paragraphs={
                  Array [
                    "Write the words on paper, in order. Store the paper in very safe place. If your device is lost, stolen, broken, or upgraded, you must have this key to restore your account.",
                  ]
                }
              />
            </PanelView>
          </ScrollViewMock>
        </View>,
      ],
      "style": Object {
        "alignItems": "stretch",
        "flex": 1,
        "flexDirection": "column",
        "justifyContent": "space-between",
      },
    },
    "ref": null,
    "rendered": Array [
      Object {
        "instance": null,
        "key": undefined,
        "nodeType": "function",
        "props": Object {
          "source": Object {
            "testUri": "../../../src/assets/images/background.jpg",
          },
          "style": undefined,
        },
        "ref": null,
        "rendered": null,
        "type": [Function],
      },
      Object {
        "instance": null,
        "key": undefined,
        "nodeType": "function",
        "props": Object {
          "navBarHidden": false,
        },
        "ref": null,
        "rendered": null,
        "type": [Function],
      },
      Object {
        "instance": null,
        "key": undefined,
        "nodeType": "class",
        "props": Object {
          "children": <ScrollViewMock
            contentContainerStyle={
              Object {
                "flex": 0,
              }
            }
            style={
              Object {
                "flex": 1,
              }
            }
          >
            <PanelView
              buttonTitle="Begin"
              onButtonClick={[Function]}
              style={
                Object {
                  "backgroundColor": "transparent",
                  "borderRadius": 8,
                  "flexDirection": "column",
                  "justifyContent": "space-between",
                  "marginBottom": 8,
                  "marginLeft": 0,
                  "marginRight": 0,
                  "marginTop": 8,
                  "paddingBottom": 4,
                  "paddingLeft": 8,
                  "paddingRight": 8,
                  "paddingTop": 4,
                }
              }
              titleStyle={
                Object {
                  "color": "white",
                  "fontFamily": "Roboto",
                  "fontSize": 22,
                  "fontWeight": "bold",
                  "letterSpacing": 0,
                  "lineHeight": 28,
                  "textAlign": "left",
                }
              }
            >
              <BodyParagraphs
                paragraphs={
                  Array [
                    "We will show you a group of 24 words that is the private key of your account.",
                  ]
                }
              />
              <View
                style={
                  Object {
                    "alignItems": "center",
                    "justifyContent": "center",
                  }
                }
              >
                <Image
                  resizeMode="contain"
                  source={1}
                  style={
                    Object {
                      "height": 555.84,
                      "width": 720,
                    }
                  }
                />
              </View>
              <BodyParagraphs
                paragraphs={
                  Array [
                    "Write the words on paper, in order. Store the paper in very safe place. If your device is lost, stolen, broken, or upgraded, you must have this key to restore your account.",
                  ]
                }
              />
            </PanelView>
          </ScrollViewMock>,
          "style": Object {
            "alignContent": "flex-start",
            "flex": 1,
            "flexDirection": "column",
            "justifyContent": "flex-start",
            "marginLeft": 8,
            "marginRight": 8,
          },
        },
        "ref": null,
        "rendered": Object {
          "instance": null,
          "key": undefined,
          "nodeType": "class",
          "props": Object {
            "children": <PanelView
              buttonTitle="Begin"
              onButtonClick={[Function]}
              style={
                Object {
                  "backgroundColor": "transparent",
                  "borderRadius": 8,
                  "flexDirection": "column",
                  "justifyContent": "space-between",
                  "marginBottom": 8,
                  "marginLeft": 0,
                  "marginRight": 0,
                  "marginTop": 8,
                  "paddingBottom": 4,
                  "paddingLeft": 8,
                  "paddingRight": 8,
                  "paddingTop": 4,
                }
              }
              titleStyle={
                Object {
                  "color": "white",
                  "fontFamily": "Roboto",
                  "fontSize": 22,
                  "fontWeight": "bold",
                  "letterSpacing": 0,
                  "lineHeight": 28,
                  "textAlign": "left",
                }
              }
            >
              <BodyParagraphs
                paragraphs={
                  Array [
                    "We will show you a group of 24 words that is the private key of your account.",
                  ]
                }
              />
              <View
                style={
                  Object {
                    "alignItems": "center",
                    "justifyContent": "center",
                  }
                }
              >
                <Image
                  resizeMode="contain"
                  source={1}
                  style={
                    Object {
                      "height": 555.84,
                      "width": 720,
                    }
                  }
                />
              </View>
              <BodyParagraphs
                paragraphs={
                  Array [
                    "Write the words on paper, in order. Store the paper in very safe place. If your device is lost, stolen, broken, or upgraded, you must have this key to restore your account.",
                  ]
                }
              />
            </PanelView>,
            "contentContainerStyle": Object {
              "flex": 0,
            },
            "style": Object {
              "flex": 1,
            },
          },
          "ref": null,
          "rendered": Object {
            "instance": null,
            "key": undefined,
            "nodeType": "class",
            "props": Object {
              "buttonTitle": "Begin",
              "children": Array [
                <BodyParagraphs
                  paragraphs={
                    Array [
                      "We will show you a group of 24 words that is the private key of your account.",
                    ]
                  }
                />,
                <View
                  style={
                    Object {
                      "alignItems": "center",
                      "justifyContent": "center",
                    }
                  }
                >
                  <Image
                    resizeMode="contain"
                    source={1}
                    style={
                      Object {
                        "height": 555.84,
                        "width": 720,
                      }
                    }
                  />
                </View>,
                <BodyParagraphs
                  paragraphs={
                    Array [
                      "Write the words on paper, in order. Store the paper in very safe place. If your device is lost, stolen, broken, or upgraded, you must have this key to restore your account.",
                    ]
                  }
                />,
              ],
              "onButtonClick": [Function],
              "style": Object {
                "backgroundColor": "transparent",
                "borderRadius": 8,
                "flexDirection": "column",
                "justifyContent": "space-between",
                "marginBottom": 8,
                "marginLeft": 0,
                "marginRight": 0,
                "marginTop": 8,
                "paddingBottom": 4,
                "paddingLeft": 8,
                "paddingRight": 8,
                "paddingTop": 4,
              },
              "titleStyle": Object {
                "color": "white",
                "fontFamily": "Roboto",
                "fontSize": 22,
                "fontWeight": "bold",
                "letterSpacing": 0,
                "lineHeight": 28,
                "textAlign": "left",
              },
            },
            "ref": null,
            "rendered": Array [
              Object {
                "instance": null,
                "key": undefined,
                "nodeType": "function",
                "props": Object {
                  "paragraphs": Array [
                    "We will show you a group of 24 words that is the private key of your account.",
                  ],
                },
                "ref": null,
                "rendered": null,
                "type": [Function],
              },
              Object {
                "instance": null,
                "key": undefined,
                "nodeType": "class",
                "props": Object {
                  "children": <Image
                    resizeMode="contain"
                    source={1}
                    style={
                      Object {
                        "height": 555.84,
                        "width": 720,
                      }
                    }
                  />,
                  "style": Object {
                    "alignItems": "center",
                    "justifyContent": "center",
                  },
                },
                "ref": null,
                "rendered": Object {
                  "instance": null,
                  "key": undefined,
                  "nodeType": "class",
                  "props": Object {
                    "resizeMode": "contain",
                    "source": 1,
                    "style": Object {
                      "height": 555.84,
                      "width": 720,
                    },
                  },
                  "ref": null,
                  "rendered": null,
                  "type": [Function],
                },
                "type": [Function],
              },
              Object {
                "instance": null,
                "key": undefined,
                "nodeType": "function",
                "props": Object {
                  "paragraphs": Array [
                    "Write the words on paper, in order. Store the paper in very safe place. If your device is lost, stolen, broken, or upgraded, you must have this key to restore your account.",
                  ],
                },
                "ref": null,
                "rendered": null,
                "type": [Function],
              },
            ],
            "type": [Function],
          },
          "type": [Function],
        },
        "type": [Function],
      },
    ],
    "type": [Function],
  },
  Symbol(enzyme.__nodes__): Array [
    Object {
      "instance": null,
      "key": undefined,
      "nodeType": "class",
      "props": Object {
        "children": Array [
          <BackgroundImage
            source={
              Object {
                "testUri": "../../../src/assets/images/background.jpg",
              }
            }
            style={undefined}
          />,
          <FakeNavigationBar
            navBarHidden={false}
          />,
          <View
            style={
              Object {
                "alignContent": "flex-start",
                "flex": 1,
                "flexDirection": "column",
                "justifyContent": "flex-start",
                "marginLeft": 8,
                "marginRight": 8,
              }
            }
          >
            <ScrollViewMock
              contentContainerStyle={
                Object {
                  "flex": 0,
                }
              }
              style={
                Object {
                  "flex": 1,
                }
              }
            >
              <PanelView
                buttonTitle="Begin"
                onButtonClick={[Function]}
                style={
                  Object {
                    "backgroundColor": "transparent",
                    "borderRadius": 8,
                    "flexDirection": "column",
                    "justifyContent": "space-between",
                    "marginBottom": 8,
                    "marginLeft": 0,
                    "marginRight": 0,
                    "marginTop": 8,
                    "paddingBottom": 4,
                    "paddingLeft": 8,
                    "paddingRight": 8,
                    "paddingTop": 4,
                  }
                }
                titleStyle={
                  Object {
                    "color": "white",
                    "fontFamily": "Roboto",
                    "fontSize": 22,
                    "fontWeight": "bold",
                    "letterSpacing": 0,
                    "lineHeight": 28,
                    "textAlign": "left",
                  }
                }
              >
                <BodyParagraphs
                  paragraphs={
                    Array [
                      "We will show you a group of 24 words that is the private key of your account.",
                    ]
                  }
                />
                <View
                  style={
                    Object {
                      "alignItems": "center",
                      "justifyContent": "center",
                    }
                  }
                >
                  <Image
                    resizeMode="contain"
                    source={1}
                    style={
                      Object {
                        "height": 555.84,
                        "width": 720,
                      }
                    }
                  />
                </View>
                <BodyParagraphs
                  paragraphs={
                    Array [
                      "Write the words on paper, in order. Store the paper in very safe place. If your device is lost, stolen, broken, or upgraded, you must have this key to restore your account.",
                    ]
                  }
                />
              </PanelView>
            </ScrollViewMock>
          </View>,
        ],
        "style": Object {
          "alignItems": "stretch",
          "flex": 1,
          "flexDirection": "column",
          "justifyContent": "space-between",
        },
      },
      "ref": null,
      "rendered": Array [
        Object {
          "instance": null,
          "key": undefined,
          "nodeType": "function",
          "props": Object {
            "source": Object {
              "testUri": "../../../src/assets/images/background.jpg",
            },
            "style": undefined,
          },
          "ref": null,
          "rendered": null,
          "type": [Function],
        },
        Object {
          "instance": null,
          "key": undefined,
          "nodeType": "function",
          "props": Object {
            "navBarHidden": false,
          },
          "ref": null,
          "rendered": null,
          "type": [Function],
        },
        Object {
          "instance": null,
          "key": undefined,
          "nodeType": "class",
          "props": Object {
            "children": <ScrollViewMock
              contentContainerStyle={
                Object {
                  "flex": 0,
                }
              }
              style={
                Object {
                  "flex": 1,
                }
              }
            >
              <PanelView
                buttonTitle="Begin"
                onButtonClick={[Function]}
                style={
                  Object {
                    "backgroundColor": "transparent",
                    "borderRadius": 8,
                    "flexDirection": "column",
                    "justifyContent": "space-between",
                    "marginBottom": 8,
                    "marginLeft": 0,
                    "marginRight": 0,
                    "marginTop": 8,
                    "paddingBottom": 4,
                    "paddingLeft": 8,
                    "paddingRight": 8,
                    "paddingTop": 4,
                  }
                }
                titleStyle={
                  Object {
                    "color": "white",
                    "fontFamily": "Roboto",
                    "fontSize": 22,
                    "fontWeight": "bold",
                    "letterSpacing": 0,
                    "lineHeight": 28,
                    "textAlign": "left",
                  }
                }
              >
                <BodyParagraphs
                  paragraphs={
                    Array [
                      "We will show you a group of 24 words that is the private key of your account.",
                    ]
                  }
                />
                <View
                  style={
                    Object {
                      "alignItems": "center",
                      "justifyContent": "center",
                    }
                  }
                >
                  <Image
                    resizeMode="contain"
                    source={1}
                    style={
                      Object {
                        "height": 555.84,
                        "width": 720,
                      }
                    }
                  />
                </View>
                <BodyParagraphs
                  paragraphs={
                    Array [
                      "Write the words on paper, in order. Store the paper in very safe place. If your device is lost, stolen, broken, or upgraded, you must have this key to restore your account.",
                    ]
                  }
                />
              </PanelView>
            </ScrollViewMock>,
            "style": Object {
              "alignContent": "flex-start",
              "flex": 1,
              "flexDirection": "column",
              "justifyContent": "flex-start",
              "marginLeft": 8,
              "marginRight": 8,
            },
          },
          "ref": null,
          "rendered": Object {
            "instance": null,
            "key": undefined,
            "nodeType": "class",
            "props": Object {
              "children": <PanelView
                buttonTitle="Begin"
                onButtonClick={[Function]}
                style={
                  Object {
                    "backgroundColor": "transparent",
                    "borderRadius": 8,
                    "flexDirection": "column",
                    "justifyContent": "space-between",
                    "marginBottom": 8,
                    "marginLeft": 0,
                    "marginRight": 0,
                    "marginTop": 8,
                    "paddingBottom": 4,
                    "paddingLeft": 8,
                    "paddingRight": 8,
                    "paddingTop": 4,
                  }
                }
                titleStyle={
                  Object {
                    "color": "white",
                    "fontFamily": "Roboto",
                    "fontSize": 22,
                    "fontWeight": "bold",
                    "letterSpacing": 0,
                    "lineHeight": 28,
                    "textAlign": "left",
                  }
                }
              >
                <BodyParagraphs
                  paragraphs={
                    Array [
                      "We will show you a group of 24 words that is the private key of your account.",
                    ]
                  }
                />
                <View
                  style={
                    Object {
                      "alignItems": "center",
                      "justifyContent": "center",
                    }
                  }
                >
                  <Image
                    resizeMode="contain"
                    source={1}
                    style={
                      Object {
                        "height": 555.84,
                        "width": 720,
                      }
                    }
                  />
                </View>
                <BodyParagraphs
                  paragraphs={
                    Array [
                      "Write the words on paper, in order. Store the paper in very safe place. If your device is lost, stolen, broken, or upgraded, you must have this key to restore your account.",
                    ]
                  }
                />
              </PanelView>,
              "contentContainerStyle": Object {
                "flex": 0,
              },
              "style": Object {
                "flex": 1,
              },
            },
            "ref": null,
            "rendered": Object {
              "instance": null,
              "key": undefined,
              "nodeType": "class",
              "props": Object {
                "buttonTitle": "Begin",
                "children": Array [
                  <BodyParagraphs
                    paragraphs={
                      Array [
                        "We will show you a group of 24 words that is the private key of your account.",
                      ]
                    }
                  />,
                  <View
                    style={
                      Object {
                        "alignItems": "center",
                        "justifyContent": "center",
                      }
                    }
                  >
                    <Image
                      resizeMode="contain"
                      source={1}
                      style={
                        Object {
                          "height": 555.84,
                          "width": 720,
                        }
                      }
                    />
                  </View>,
                  <BodyParagraphs
                    paragraphs={
                      Array [
                        "Write the words on paper, in order. Store the paper in very safe place. If your device is lost, stolen, broken, or upgraded, you must have this key to restore your account.",
                      ]
                    }
                  />,
                ],
                "onButtonClick": [Function],
                "style": Object {
                  "backgroundColor": "transparent",
                  "borderRadius": 8,
                  "flexDirection": "column",
                  "justifyContent": "space-between",
                  "marginBottom": 8,
                  "marginLeft": 0,
                  "marginRight": 0,
                  "marginTop": 8,
                  "paddingBottom": 4,
                  "paddingLeft": 8,
                  "paddingRight": 8,
                  "paddingTop": 4,
                },
                "titleStyle": Object {
                  "color": "white",
                  "fontFamily": "Roboto",
                  "fontSize": 22,
                  "fontWeight": "bold",
                  "letterSpacing": 0,
                  "lineHeight": 28,
                  "textAlign": "left",
                },
              },
              "ref": null,
              "rendered": Array [
                Object {
                  "instance": null,
                  "key": undefined,
                  "nodeType": "function",
                  "props": Object {
                    "paragraphs": Array [
                      "We will show you a group of 24 words that is the private key of your account.",
                    ],
                  },
                  "ref": null,
                  "rendered": null,
                  "type": [Function],
                },
                Object {
                  "instance": null,
                  "key": undefined,
                  "nodeType": "class",
                  "props": Object {
                    "children": <Image
                      resizeMode="contain"
                      source={1}
                      style={
                        Object {
                          "height": 555.84,
                          "width": 720,
                        }
                      }
                    />,
                    "style": Object {
                      "alignItems": "center",
                      "justifyContent": "center",
                    },
                  },
                  "ref": null,
                  "rendered": Object {
                    "instance": null,
                    "key": undefined,
                    "nodeType": "class",
                    "props": Object {
                      "resizeMode": "contain",
                      "source": 1,
                      "style": Object {
                        "height": 555.84,
                        "width": 720,
                      },
                    },
                    "ref": null,
                    "rendered": null,
                    "type": [Function],
                  },
                  "type": [Function],
                },
                Object {
                  "instance": null,
                  "key": undefined,
                  "nodeType": "function",
                  "props": Object {
                    "paragraphs": Array [
                      "Write the words on paper, in order. Store the paper in very safe place. If your device is lost, stolen, broken, or upgraded, you must have this key to restore your account.",
                    ],
                  },
                  "ref": null,
                  "rendered": null,
                  "type": [Function],
                },
              ],
              "type": [Function],
            },
            "type": [Function],
          },
          "type": [Function],
        },
      ],
      "type": [Function],
    },
  ],
  Symbol(enzyme.__options__): Object {
    "adapter": ReactSixteenAdapter {
      "options": Object {
        "enableComponentDidUpdateOnSetState": true,
      },
    },
  },
}
`;
