// Jest Snapshot v1, https://goo.gl/fbAQLP

exports[`VerifyKeyInstructionScreen renders correctly 1`] = `
ShallowWrapper {
  "length": 1,
  Symbol(enzyme.__root__): [Circular],
  Symbol(enzyme.__unrendered__): <VerifyKeyInstructionScreen
    navigator={
      Object {
        "pop": [MockFunction],
        "push": [MockFunction],
        "setButtons": [MockFunction],
        "setOnNavigatorEvent": [MockFunction] {
          "calls": Array [
            Array [
              [Function],
            ],
          ],
        },
      }
    }
    store={
      Object {
        "clearActions": [Function],
        "dispatch": [Function],
        "getActions": [Function],
        "getState": [Function],
        "replaceReducer": [Function],
        "subscribe": [Function],
      }
    }
  />,
  Symbol(enzyme.__renderer__): Object {
    "batchedUpdates": [Function],
    "getNode": [Function],
    "render": [Function],
    "simulateEvent": [Function],
    "unmount": [Function],
  },
  Symbol(enzyme.__node__): Object {
    "instance": null,
    "key": undefined,
    "nodeType": "class",
    "props": Object {
      "children": Array [
        <BackgroundImage
          source={1}
          style={undefined}
        />,
        <FakeNavigationBar
          navBarHidden={false}
        />,
        <View
          style={
            Object {
              "alignContent": "flex-start",
              "flex": 1,
              "flexDirection": "column",
              "justifyContent": "flex-start",
              "marginLeft": 8,
              "marginRight": 8,
            }
          }
        >
          <PanelView
            body={undefined}
            buttonTitle="Begin"
            childrenContainerStyle={
              Object {
                "flex": 0,
              }
            }
            icon={undefined}
            onButtonClick={[Function]}
            renderAdditionalInfo={null}
            renderBottom={null}
            style={
              Object {
                "backgroundColor": "transparent",
                "borderRadius": 8,
                "flexDirection": "column",
                "justifyContent": "space-between",
                "marginBottom": 8,
                "marginLeft": 0,
                "marginRight": 0,
                "marginTop": 8,
                "paddingBottom": 4,
                "paddingLeft": 8,
                "paddingRight": 8,
                "paddingTop": 4,
              }
            }
            title={undefined}
            titleStyle={
              Object {
                "color": "white",
                "fontFamily": "Roboto",
                "fontSize": 22,
                "fontWeight": "bold",
                "letterSpacing": 0,
                "lineHeight": 28,
                "textAlign": "left",
              }
            }
          >
            <BodyParagraphs
              paragraphs={
                Array [
                  "Now that you have written down your private key, we will ask you to verify it.",
                  "You will type the 24 words of your private key into the app, and we will check that your written private key is correct.",
                  "Your private key protects everything in Bitnation, so be sure to put your paper with your private key in a safe place.",
                ]
              }
            />
          </PanelView>
        </View>,
      ],
      "style": Object {
        "alignItems": "stretch",
        "flex": 1,
        "flexDirection": "column",
        "justifyContent": "space-between",
      },
    },
    "ref": null,
    "rendered": Array [
      Object {
        "instance": null,
        "key": undefined,
        "nodeType": "function",
        "props": Object {
          "source": 1,
          "style": undefined,
        },
        "ref": null,
        "rendered": null,
        "type": [Function],
      },
      Object {
        "instance": null,
        "key": undefined,
        "nodeType": "function",
        "props": Object {
          "navBarHidden": false,
        },
        "ref": null,
        "rendered": null,
        "type": [Function],
      },
      Object {
        "instance": null,
        "key": undefined,
        "nodeType": "class",
        "props": Object {
          "children": <PanelView
            body={undefined}
            buttonTitle="Begin"
            childrenContainerStyle={
              Object {
                "flex": 0,
              }
            }
            icon={undefined}
            onButtonClick={[Function]}
            renderAdditionalInfo={null}
            renderBottom={null}
            style={
              Object {
                "backgroundColor": "transparent",
                "borderRadius": 8,
                "flexDirection": "column",
                "justifyContent": "space-between",
                "marginBottom": 8,
                "marginLeft": 0,
                "marginRight": 0,
                "marginTop": 8,
                "paddingBottom": 4,
                "paddingLeft": 8,
                "paddingRight": 8,
                "paddingTop": 4,
              }
            }
            title={undefined}
            titleStyle={
              Object {
                "color": "white",
                "fontFamily": "Roboto",
                "fontSize": 22,
                "fontWeight": "bold",
                "letterSpacing": 0,
                "lineHeight": 28,
                "textAlign": "left",
              }
            }
          >
            <BodyParagraphs
              paragraphs={
                Array [
                  "Now that you have written down your private key, we will ask you to verify it.",
                  "You will type the 24 words of your private key into the app, and we will check that your written private key is correct.",
                  "Your private key protects everything in Bitnation, so be sure to put your paper with your private key in a safe place.",
                ]
              }
            />
          </PanelView>,
          "style": Object {
            "alignContent": "flex-start",
            "flex": 1,
            "flexDirection": "column",
            "justifyContent": "flex-start",
            "marginLeft": 8,
            "marginRight": 8,
          },
        },
        "ref": null,
        "rendered": Object {
          "instance": null,
          "key": undefined,
          "nodeType": "class",
          "props": Object {
            "body": undefined,
            "buttonTitle": "Begin",
            "children": <BodyParagraphs
              paragraphs={
                Array [
                  "Now that you have written down your private key, we will ask you to verify it.",
                  "You will type the 24 words of your private key into the app, and we will check that your written private key is correct.",
                  "Your private key protects everything in Bitnation, so be sure to put your paper with your private key in a safe place.",
                ]
              }
            />,
            "childrenContainerStyle": Object {
              "flex": 0,
            },
            "icon": undefined,
            "onButtonClick": [Function],
            "renderAdditionalInfo": null,
            "renderBottom": null,
            "style": Object {
              "backgroundColor": "transparent",
              "borderRadius": 8,
              "flexDirection": "column",
              "justifyContent": "space-between",
              "marginBottom": 8,
              "marginLeft": 0,
              "marginRight": 0,
              "marginTop": 8,
              "paddingBottom": 4,
              "paddingLeft": 8,
              "paddingRight": 8,
              "paddingTop": 4,
            },
            "title": undefined,
            "titleStyle": Object {
              "color": "white",
              "fontFamily": "Roboto",
              "fontSize": 22,
              "fontWeight": "bold",
              "letterSpacing": 0,
              "lineHeight": 28,
              "textAlign": "left",
            },
          },
          "ref": null,
          "rendered": Object {
            "instance": null,
            "key": undefined,
            "nodeType": "function",
            "props": Object {
              "paragraphs": Array [
                "Now that you have written down your private key, we will ask you to verify it.",
                "You will type the 24 words of your private key into the app, and we will check that your written private key is correct.",
                "Your private key protects everything in Bitnation, so be sure to put your paper with your private key in a safe place.",
              ],
            },
            "ref": null,
            "rendered": null,
            "type": [Function],
          },
          "type": [Function],
        },
        "type": [Function],
      },
    ],
    "type": [Function],
  },
  Symbol(enzyme.__nodes__): Array [
    Object {
      "instance": null,
      "key": undefined,
      "nodeType": "class",
      "props": Object {
        "children": Array [
          <BackgroundImage
            source={1}
            style={undefined}
          />,
          <FakeNavigationBar
            navBarHidden={false}
          />,
          <View
            style={
              Object {
                "alignContent": "flex-start",
                "flex": 1,
                "flexDirection": "column",
                "justifyContent": "flex-start",
                "marginLeft": 8,
                "marginRight": 8,
              }
            }
          >
            <PanelView
              body={undefined}
              buttonTitle="Begin"
              childrenContainerStyle={
                Object {
                  "flex": 0,
                }
              }
              icon={undefined}
              onButtonClick={[Function]}
              renderAdditionalInfo={null}
              renderBottom={null}
              style={
                Object {
                  "backgroundColor": "transparent",
                  "borderRadius": 8,
                  "flexDirection": "column",
                  "justifyContent": "space-between",
                  "marginBottom": 8,
                  "marginLeft": 0,
                  "marginRight": 0,
                  "marginTop": 8,
                  "paddingBottom": 4,
                  "paddingLeft": 8,
                  "paddingRight": 8,
                  "paddingTop": 4,
                }
              }
              title={undefined}
              titleStyle={
                Object {
                  "color": "white",
                  "fontFamily": "Roboto",
                  "fontSize": 22,
                  "fontWeight": "bold",
                  "letterSpacing": 0,
                  "lineHeight": 28,
                  "textAlign": "left",
                }
              }
            >
              <BodyParagraphs
                paragraphs={
                  Array [
                    "Now that you have written down your private key, we will ask you to verify it.",
                    "You will type the 24 words of your private key into the app, and we will check that your written private key is correct.",
                    "Your private key protects everything in Bitnation, so be sure to put your paper with your private key in a safe place.",
                  ]
                }
              />
            </PanelView>
          </View>,
        ],
        "style": Object {
          "alignItems": "stretch",
          "flex": 1,
          "flexDirection": "column",
          "justifyContent": "space-between",
        },
      },
      "ref": null,
      "rendered": Array [
        Object {
          "instance": null,
          "key": undefined,
          "nodeType": "function",
          "props": Object {
            "source": 1,
            "style": undefined,
          },
          "ref": null,
          "rendered": null,
          "type": [Function],
        },
        Object {
          "instance": null,
          "key": undefined,
          "nodeType": "function",
          "props": Object {
            "navBarHidden": false,
          },
          "ref": null,
          "rendered": null,
          "type": [Function],
        },
        Object {
          "instance": null,
          "key": undefined,
          "nodeType": "class",
          "props": Object {
            "children": <PanelView
              body={undefined}
              buttonTitle="Begin"
              childrenContainerStyle={
                Object {
                  "flex": 0,
                }
              }
              icon={undefined}
              onButtonClick={[Function]}
              renderAdditionalInfo={null}
              renderBottom={null}
              style={
                Object {
                  "backgroundColor": "transparent",
                  "borderRadius": 8,
                  "flexDirection": "column",
                  "justifyContent": "space-between",
                  "marginBottom": 8,
                  "marginLeft": 0,
                  "marginRight": 0,
                  "marginTop": 8,
                  "paddingBottom": 4,
                  "paddingLeft": 8,
                  "paddingRight": 8,
                  "paddingTop": 4,
                }
              }
              title={undefined}
              titleStyle={
                Object {
                  "color": "white",
                  "fontFamily": "Roboto",
                  "fontSize": 22,
                  "fontWeight": "bold",
                  "letterSpacing": 0,
                  "lineHeight": 28,
                  "textAlign": "left",
                }
              }
            >
              <BodyParagraphs
                paragraphs={
                  Array [
                    "Now that you have written down your private key, we will ask you to verify it.",
                    "You will type the 24 words of your private key into the app, and we will check that your written private key is correct.",
                    "Your private key protects everything in Bitnation, so be sure to put your paper with your private key in a safe place.",
                  ]
                }
              />
            </PanelView>,
            "style": Object {
              "alignContent": "flex-start",
              "flex": 1,
              "flexDirection": "column",
              "justifyContent": "flex-start",
              "marginLeft": 8,
              "marginRight": 8,
            },
          },
          "ref": null,
          "rendered": Object {
            "instance": null,
            "key": undefined,
            "nodeType": "class",
            "props": Object {
              "body": undefined,
              "buttonTitle": "Begin",
              "children": <BodyParagraphs
                paragraphs={
                  Array [
                    "Now that you have written down your private key, we will ask you to verify it.",
                    "You will type the 24 words of your private key into the app, and we will check that your written private key is correct.",
                    "Your private key protects everything in Bitnation, so be sure to put your paper with your private key in a safe place.",
                  ]
                }
              />,
              "childrenContainerStyle": Object {
                "flex": 0,
              },
              "icon": undefined,
              "onButtonClick": [Function],
              "renderAdditionalInfo": null,
              "renderBottom": null,
              "style": Object {
                "backgroundColor": "transparent",
                "borderRadius": 8,
                "flexDirection": "column",
                "justifyContent": "space-between",
                "marginBottom": 8,
                "marginLeft": 0,
                "marginRight": 0,
                "marginTop": 8,
                "paddingBottom": 4,
                "paddingLeft": 8,
                "paddingRight": 8,
                "paddingTop": 4,
              },
              "title": undefined,
              "titleStyle": Object {
                "color": "white",
                "fontFamily": "Roboto",
                "fontSize": 22,
                "fontWeight": "bold",
                "letterSpacing": 0,
                "lineHeight": 28,
                "textAlign": "left",
              },
            },
            "ref": null,
            "rendered": Object {
              "instance": null,
              "key": undefined,
              "nodeType": "function",
              "props": Object {
                "paragraphs": Array [
                  "Now that you have written down your private key, we will ask you to verify it.",
                  "You will type the 24 words of your private key into the app, and we will check that your written private key is correct.",
                  "Your private key protects everything in Bitnation, so be sure to put your paper with your private key in a safe place.",
                ],
              },
              "ref": null,
              "rendered": null,
              "type": [Function],
            },
            "type": [Function],
          },
          "type": [Function],
        },
      ],
      "type": [Function],
    },
  ],
  Symbol(enzyme.__options__): Object {
    "adapter": ReactSixteenAdapter {
      "options": Object {
        "enableComponentDidUpdateOnSetState": true,
      },
    },
  },
}
`;
