// Jest Snapshot v1, https://goo.gl/fbAQLP

exports[`NationCreateContainer Rendering 1`] = `
ShallowWrapper {
  "length": 1,
  Symbol(enzyme.__root__): [Circular],
  Symbol(enzyme.__unrendered__): <Connect(NationCreateContainer)
    navigator={
      Object {
        "pop": [MockFunction],
        "push": [MockFunction],
        "setButtons": [MockFunction],
        "setOnNavigatorEvent": [MockFunction],
      }
    }
    onDeleteNationDraft={[MockFunction]}
    onNationChange={[MockFunction]}
    onResetNationCreation={[MockFunction]}
    onSaveNationDraft={[MockFunction]}
    onSubmitNation={[MockFunction]}
    store={
      Object {
        "clearActions": [Function],
        "dispatch": [Function],
        "getActions": [Function],
        "getState": [Function],
        "replaceReducer": [Function],
        "subscribe": [Function],
      }
    }
  />,
  Symbol(enzyme.__renderer__): Object {
    "batchedUpdates": [Function],
    "getNode": [Function],
    "render": [Function],
    "simulateEvent": [Function],
    "unmount": [Function],
  },
  Symbol(enzyme.__node__): Object {
    "instance": null,
    "key": undefined,
    "nodeType": "class",
    "props": Object {
      "editingNation": null,
      "initialNation": null,
      "latestError": null,
      "navigator": Object {
        "pop": [MockFunction],
        "push": [MockFunction],
        "setButtons": [MockFunction],
        "setOnNavigatorEvent": [MockFunction],
      },
      "onCancelNationCreation": [Function],
      "onDeleteNationDraft": [Function],
      "onNationChange": [Function],
      "onResetNationCreation": [Function],
      "onSaveNationDraft": [Function],
      "onSubmitNation": [Function],
      "store": Object {
        "clearActions": [Function],
        "dispatch": [Function],
        "getActions": [Function],
        "getState": [Function],
        "replaceReducer": [Function],
        "subscribe": [Function],
      },
      "storeSubscription": Subscription {
        "listeners": Object {
          "clear": [Function],
          "get": [Function],
          "notify": [Function],
          "subscribe": [Function],
        },
        "onStateChange": [Function],
        "parentSub": undefined,
        "store": Object {
          "clearActions": [Function],
          "dispatch": [Function],
          "getActions": [Function],
          "getState": [Function],
          "replaceReducer": [Function],
          "subscribe": [Function],
        },
        "unsubscribe": [Function],
      },
    },
    "ref": null,
    "rendered": null,
    "type": [Function],
  },
  Symbol(enzyme.__nodes__): Array [
    Object {
      "instance": null,
      "key": undefined,
      "nodeType": "class",
      "props": Object {
        "editingNation": null,
        "initialNation": null,
        "latestError": null,
        "navigator": Object {
          "pop": [MockFunction],
          "push": [MockFunction],
          "setButtons": [MockFunction],
          "setOnNavigatorEvent": [MockFunction],
        },
        "onCancelNationCreation": [Function],
        "onDeleteNationDraft": [Function],
        "onNationChange": [Function],
        "onResetNationCreation": [Function],
        "onSaveNationDraft": [Function],
        "onSubmitNation": [Function],
        "store": Object {
          "clearActions": [Function],
          "dispatch": [Function],
          "getActions": [Function],
          "getState": [Function],
          "replaceReducer": [Function],
          "subscribe": [Function],
        },
        "storeSubscription": Subscription {
          "listeners": Object {
            "clear": [Function],
            "get": [Function],
            "notify": [Function],
            "subscribe": [Function],
          },
          "onStateChange": [Function],
          "parentSub": undefined,
          "store": Object {
            "clearActions": [Function],
            "dispatch": [Function],
            "getActions": [Function],
            "getState": [Function],
            "replaceReducer": [Function],
            "subscribe": [Function],
          },
          "unsubscribe": [Function],
        },
      },
      "ref": null,
      "rendered": null,
      "type": [Function],
    },
  ],
  Symbol(enzyme.__options__): Object {
    "adapter": ReactSixteenAdapter {
      "options": Object {
        "enableComponentDidUpdateOnSetState": true,
      },
    },
  },
}
`;
