// Jest Snapshot v1, https://goo.gl/fbAQLP

exports[`Dashboard renders correctly 1`] = `
ShallowWrapper {
  Symbol(enzyme.__root__): [Circular],
  Symbol(enzyme.__unrendered__): <Connect(Dashboard)
    navigator={
      Object {
        "pop": [MockFunction],
        "push": [MockFunction],
        "setButtons": [MockFunction],
        "setOnNavigatorEvent": [MockFunction],
      }
    }
    store={
      Object {
        "clearActions": [Function],
        "dispatch": [Function],
        "getActions": [Function],
        "getState": [Function],
        "replaceReducer": [Function],
        "subscribe": [Function],
      }
    }
  />,
  Symbol(enzyme.__renderer__): Object {
    "batchedUpdates": [Function],
    "getNode": [Function],
    "render": [Function],
    "simulateEvent": [Function],
    "unmount": [Function],
  },
  Symbol(enzyme.__node__): Object {
    "instance": null,
    "key": undefined,
    "nodeType": "class",
    "props": Object {
      "activity": Object {
        "messages": Array [],
      },
      "nations": Object {
        "nations": Array [
          Object {
            "id": 1,
            "idInSmartContract": 1,
          },
        ],
      },
      "navigator": Object {
        "pop": [MockFunction],
        "push": [MockFunction],
        "setButtons": [MockFunction],
        "setOnNavigatorEvent": [MockFunction],
      },
      "onAddDummyMessage": [Function],
      "onSelectNation": [Function],
      "openDApp": [Function],
      "store": Object {
        "clearActions": [Function],
        "dispatch": [Function],
        "getActions": [Function],
        "getState": [Function],
        "replaceReducer": [Function],
        "subscribe": [Function],
      },
      "storeSubscription": Subscription {
        "listeners": Object {
          "clear": [Function],
          "get": [Function],
          "notify": [Function],
          "subscribe": [Function],
        },
        "onStateChange": [Function],
        "parentSub": undefined,
        "store": Object {
          "clearActions": [Function],
          "dispatch": [Function],
          "getActions": [Function],
          "getState": [Function],
          "replaceReducer": [Function],
          "subscribe": [Function],
        },
        "unsubscribe": [Function],
      },
      "testingMode": Object {
        "isActive": false,
      },
      "wallet": Object {
        "wallets": Array [],
      },
    },
    "ref": null,
    "rendered": null,
    "type": [Function],
  },
  Symbol(enzyme.__nodes__): Array [
    Object {
      "instance": null,
      "key": undefined,
      "nodeType": "class",
      "props": Object {
        "activity": Object {
          "messages": Array [],
        },
        "nations": Object {
          "nations": Array [
            Object {
              "id": 1,
              "idInSmartContract": 1,
            },
          ],
        },
        "navigator": Object {
          "pop": [MockFunction],
          "push": [MockFunction],
          "setButtons": [MockFunction],
          "setOnNavigatorEvent": [MockFunction],
        },
        "onAddDummyMessage": [Function],
        "onSelectNation": [Function],
        "openDApp": [Function],
        "store": Object {
          "clearActions": [Function],
          "dispatch": [Function],
          "getActions": [Function],
          "getState": [Function],
          "replaceReducer": [Function],
          "subscribe": [Function],
        },
        "storeSubscription": Subscription {
          "listeners": Object {
            "clear": [Function],
            "get": [Function],
            "notify": [Function],
            "subscribe": [Function],
          },
          "onStateChange": [Function],
          "parentSub": undefined,
          "store": Object {
            "clearActions": [Function],
            "dispatch": [Function],
            "getActions": [Function],
            "getState": [Function],
            "replaceReducer": [Function],
            "subscribe": [Function],
          },
          "unsubscribe": [Function],
        },
        "testingMode": Object {
          "isActive": false,
        },
        "wallet": Object {
          "wallets": Array [],
        },
      },
      "ref": null,
      "rendered": null,
      "type": [Function],
    },
  ],
  Symbol(enzyme.__options__): Object {
    "adapter": ReactSixteenAdapter {
      "options": Object {
        "enableComponentDidUpdateOnSetState": true,
        "lifecycles": Object {
          "componentDidUpdate": Object {
            "onSetState": true,
          },
          "getSnapshotBeforeUpdate": true,
        },
      },
    },
    "attachTo": undefined,
    "hydrateIn": undefined,
  },
}
`;
