// Jest Snapshot v1, https://goo.gl/fbAQLP

exports[`ConfirmationScreen Rendering 1`] = `undefined`;
