// Jest Snapshot v1, https://goo.gl/fbAQLP

exports[`NationsPanel renders correctly 1`] = `
ShallowWrapper {
  "length": 1,
  Symbol(enzyme.__root__): [Circular],
  Symbol(enzyme.__unrendered__): <NationsPanel
    loadingInProgress={false}
    nations={Array []}
    onSelectNation={[MockFunction]}
  />,
  Symbol(enzyme.__renderer__): Object {
    "batchedUpdates": [Function],
    "getNode": [Function],
    "render": [Function],
    "simulateEvent": [Function],
    "unmount": [Function],
  },
  Symbol(enzyme.__node__): Object {
    "instance": null,
    "key": undefined,
    "nodeType": "class",
    "props": Object {
      "children": Array [
        <PanelView
          body={undefined}
          buttonTitle="Button"
          childrenContainerStyle={Object {}}
          icon={undefined}
          onButtonClick={null}
          renderAdditionalInfo={null}
          renderBottom={null}
          style={
            Object {
              "alignItems": "stretch",
              "backgroundColor": "white",
              "borderRadius": 8,
              "flex": 1,
              "flexDirection": "column",
              "justifyContent": "flex-start",
              "margin": 4,
              "overflow": "hidden",
              "padding": 16,
            }
          }
          title="Nations"
          titleStyle={
            Object {
              "color": "#F5A623",
              "fontFamily": "Roboto",
              "fontSize": 22,
              "fontWeight": "bold",
              "letterSpacing": 0,
              "lineHeight": 28,
              "textAlign": "left",
            }
          }
        >
          <View
            style={
              Object {
                "alignItems": "flex-end",
                "marginBottom": 16,
              }
            }
          >
            <Text
              accessible={true}
              allowFontScaling={true}
              ellipsizeMode="tail"
              style={
                Object {
                  "color": "#929497",
                  "fontFamily": "Roboto",
                  "fontSize": 17,
                  "fontWeight": "normal",
                  "letterSpacing": 0,
                  "lineHeight": 22,
                }
              }
            >
              
              <Text
                accessible={true}
                allowFontScaling={true}
                ellipsizeMode="tail"
                style={
                  Object {
                    "color": "#FF8B00",
                    "fontFamily": "Roboto",
                    "fontSize": 17,
                    "fontWeight": "900",
                    "letterSpacing": 0,
                    "lineHeight": 22,
                  }
                }
              >
                0
              </Text>
               in Pangea
            </Text>
          </View>
          <View
            style={
              Object {
                "alignItems": "stretch",
                "flex": 1,
                "flexDirection": "column",
                "justifyContent": "space-between",
                "marginLeft": -16,
                "marginRight": -16,
              }
            }
          >
            <View
              style={
                Object {
                  "height": 30,
                  "justifyContent": "center",
                  "paddingLeft": 16,
                }
              }
            >
              <Text
                accessible={true}
                allowFontScaling={true}
                ellipsizeMode="tail"
                style={
                  Object {
                    "color": "#929497",
                    "fontFamily": "Roboto",
                    "fontSize": 17,
                    "fontWeight": "normal",
                    "letterSpacing": 0,
                    "lineHeight": 22,
                  }
                }
              >
                Newest Nations
              </Text>
            </View>
            <FlatList
              ItemSeparatorComponent={[Function]}
              data={Array []}
              disableVirtualization={false}
              horizontal={false}
              initialNumToRender={10}
              keyExtractor={[Function]}
              maxToRenderPerBatch={10}
              numColumns={1}
              onEndReachedThreshold={2}
              renderItem={[Function]}
              scrollEventThrottle={50}
              updateCellsBatchingPeriod={50}
              windowSize={21}
            />
          </View>
        </PanelView>,
        false,
      ],
      "style": undefined,
    },
    "ref": null,
    "rendered": Array [
      Object {
        "instance": null,
        "key": undefined,
        "nodeType": "class",
        "props": Object {
          "body": undefined,
          "buttonTitle": "Button",
          "children": Array [
            <View
              style={
                Object {
                  "alignItems": "flex-end",
                  "marginBottom": 16,
                }
              }
            >
              <Text
                accessible={true}
                allowFontScaling={true}
                ellipsizeMode="tail"
                style={
                  Object {
                    "color": "#929497",
                    "fontFamily": "Roboto",
                    "fontSize": 17,
                    "fontWeight": "normal",
                    "letterSpacing": 0,
                    "lineHeight": 22,
                  }
                }
              >
                
                <Text
                  accessible={true}
                  allowFontScaling={true}
                  ellipsizeMode="tail"
                  style={
                    Object {
                      "color": "#FF8B00",
                      "fontFamily": "Roboto",
                      "fontSize": 17,
                      "fontWeight": "900",
                      "letterSpacing": 0,
                      "lineHeight": 22,
                    }
                  }
                >
                  0
                </Text>
                 in Pangea
              </Text>
            </View>,
            <View
              style={
                Object {
                  "alignItems": "stretch",
                  "flex": 1,
                  "flexDirection": "column",
                  "justifyContent": "space-between",
                  "marginLeft": -16,
                  "marginRight": -16,
                }
              }
            >
              <View
                style={
                  Object {
                    "height": 30,
                    "justifyContent": "center",
                    "paddingLeft": 16,
                  }
                }
              >
                <Text
                  accessible={true}
                  allowFontScaling={true}
                  ellipsizeMode="tail"
                  style={
                    Object {
                      "color": "#929497",
                      "fontFamily": "Roboto",
                      "fontSize": 17,
                      "fontWeight": "normal",
                      "letterSpacing": 0,
                      "lineHeight": 22,
                    }
                  }
                >
                  Newest Nations
                </Text>
              </View>
              <FlatList
                ItemSeparatorComponent={[Function]}
                data={Array []}
                disableVirtualization={false}
                horizontal={false}
                initialNumToRender={10}
                keyExtractor={[Function]}
                maxToRenderPerBatch={10}
                numColumns={1}
                onEndReachedThreshold={2}
                renderItem={[Function]}
                scrollEventThrottle={50}
                updateCellsBatchingPeriod={50}
                windowSize={21}
              />
            </View>,
          ],
          "childrenContainerStyle": Object {},
          "icon": undefined,
          "onButtonClick": null,
          "renderAdditionalInfo": null,
          "renderBottom": null,
          "style": Object {
            "alignItems": "stretch",
            "backgroundColor": "white",
            "borderRadius": 8,
            "flex": 1,
            "flexDirection": "column",
            "justifyContent": "flex-start",
            "margin": 4,
            "overflow": "hidden",
            "padding": 16,
          },
          "title": "Nations",
          "titleStyle": Object {
            "color": "#F5A623",
            "fontFamily": "Roboto",
            "fontSize": 22,
            "fontWeight": "bold",
            "letterSpacing": 0,
            "lineHeight": 28,
            "textAlign": "left",
          },
        },
        "ref": null,
        "rendered": Array [
          Object {
            "instance": null,
            "key": undefined,
            "nodeType": "class",
            "props": Object {
              "children": <Text
                accessible={true}
                allowFontScaling={true}
                ellipsizeMode="tail"
                style={
                  Object {
                    "color": "#929497",
                    "fontFamily": "Roboto",
                    "fontSize": 17,
                    "fontWeight": "normal",
                    "letterSpacing": 0,
                    "lineHeight": 22,
                  }
                }
              >
                
                <Text
                  accessible={true}
                  allowFontScaling={true}
                  ellipsizeMode="tail"
                  style={
                    Object {
                      "color": "#FF8B00",
                      "fontFamily": "Roboto",
                      "fontSize": 17,
                      "fontWeight": "900",
                      "letterSpacing": 0,
                      "lineHeight": 22,
                    }
                  }
                >
                  0
                </Text>
                 in Pangea
              </Text>,
              "style": Object {
                "alignItems": "flex-end",
                "marginBottom": 16,
              },
            },
            "ref": null,
            "rendered": Object {
              "instance": null,
              "key": undefined,
              "nodeType": "class",
              "props": Object {
                "accessible": true,
                "allowFontScaling": true,
                "children": Array [
                  "",
                  <Text
                    accessible={true}
                    allowFontScaling={true}
                    ellipsizeMode="tail"
                    style={
                      Object {
                        "color": "#FF8B00",
                        "fontFamily": "Roboto",
                        "fontSize": 17,
                        "fontWeight": "900",
                        "letterSpacing": 0,
                        "lineHeight": 22,
                      }
                    }
                  >
                    0
                  </Text>,
                  " in Pangea",
                ],
                "ellipsizeMode": "tail",
                "style": Object {
                  "color": "#929497",
                  "fontFamily": "Roboto",
                  "fontSize": 17,
                  "fontWeight": "normal",
                  "letterSpacing": 0,
                  "lineHeight": 22,
                },
              },
              "ref": null,
              "rendered": Array [
                "",
                Object {
                  "instance": null,
                  "key": undefined,
                  "nodeType": "class",
                  "props": Object {
                    "accessible": true,
                    "allowFontScaling": true,
                    "children": "0",
                    "ellipsizeMode": "tail",
                    "style": Object {
                      "color": "#FF8B00",
                      "fontFamily": "Roboto",
                      "fontSize": 17,
                      "fontWeight": "900",
                      "letterSpacing": 0,
                      "lineHeight": 22,
                    },
                  },
                  "ref": null,
                  "rendered": "0",
                  "type": [Function],
                },
                " in Pangea",
              ],
              "type": [Function],
            },
            "type": [Function],
          },
          Object {
            "instance": null,
            "key": undefined,
            "nodeType": "class",
            "props": Object {
              "children": Array [
                <View
                  style={
                    Object {
                      "height": 30,
                      "justifyContent": "center",
                      "paddingLeft": 16,
                    }
                  }
                >
                  <Text
                    accessible={true}
                    allowFontScaling={true}
                    ellipsizeMode="tail"
                    style={
                      Object {
                        "color": "#929497",
                        "fontFamily": "Roboto",
                        "fontSize": 17,
                        "fontWeight": "normal",
                        "letterSpacing": 0,
                        "lineHeight": 22,
                      }
                    }
                  >
                    Newest Nations
                  </Text>
                </View>,
                <FlatList
                  ItemSeparatorComponent={[Function]}
                  data={Array []}
                  disableVirtualization={false}
                  horizontal={false}
                  initialNumToRender={10}
                  keyExtractor={[Function]}
                  maxToRenderPerBatch={10}
                  numColumns={1}
                  onEndReachedThreshold={2}
                  renderItem={[Function]}
                  scrollEventThrottle={50}
                  updateCellsBatchingPeriod={50}
                  windowSize={21}
                />,
              ],
              "style": Object {
                "alignItems": "stretch",
                "flex": 1,
                "flexDirection": "column",
                "justifyContent": "space-between",
                "marginLeft": -16,
                "marginRight": -16,
              },
            },
            "ref": null,
            "rendered": Array [
              Object {
                "instance": null,
                "key": undefined,
                "nodeType": "class",
                "props": Object {
                  "children": <Text
                    accessible={true}
                    allowFontScaling={true}
                    ellipsizeMode="tail"
                    style={
                      Object {
                        "color": "#929497",
                        "fontFamily": "Roboto",
                        "fontSize": 17,
                        "fontWeight": "normal",
                        "letterSpacing": 0,
                        "lineHeight": 22,
                      }
                    }
                  >
                    Newest Nations
                  </Text>,
                  "style": Object {
                    "height": 30,
                    "justifyContent": "center",
                    "paddingLeft": 16,
                  },
                },
                "ref": null,
                "rendered": Object {
                  "instance": null,
                  "key": undefined,
                  "nodeType": "class",
                  "props": Object {
                    "accessible": true,
                    "allowFontScaling": true,
                    "children": "Newest Nations",
                    "ellipsizeMode": "tail",
                    "style": Object {
                      "color": "#929497",
                      "fontFamily": "Roboto",
                      "fontSize": 17,
                      "fontWeight": "normal",
                      "letterSpacing": 0,
                      "lineHeight": 22,
                    },
                  },
                  "ref": null,
                  "rendered": "Newest Nations",
                  "type": [Function],
                },
                "type": [Function],
              },
              Object {
                "instance": null,
                "key": undefined,
                "nodeType": "class",
                "props": Object {
                  "ItemSeparatorComponent": [Function],
                  "data": Array [],
                  "disableVirtualization": false,
                  "horizontal": false,
                  "initialNumToRender": 10,
                  "keyExtractor": [Function],
                  "maxToRenderPerBatch": 10,
                  "numColumns": 1,
                  "onEndReachedThreshold": 2,
                  "renderItem": [Function],
                  "scrollEventThrottle": 50,
                  "updateCellsBatchingPeriod": 50,
                  "windowSize": 21,
                },
                "ref": null,
                "rendered": null,
                "type": [Function],
              },
            ],
            "type": [Function],
          },
        ],
        "type": [Function],
      },
      false,
    ],
    "type": [Function],
  },
  Symbol(enzyme.__nodes__): Array [
    Object {
      "instance": null,
      "key": undefined,
      "nodeType": "class",
      "props": Object {
        "children": Array [
          <PanelView
            body={undefined}
            buttonTitle="Button"
            childrenContainerStyle={Object {}}
            icon={undefined}
            onButtonClick={null}
            renderAdditionalInfo={null}
            renderBottom={null}
            style={
              Object {
                "alignItems": "stretch",
                "backgroundColor": "white",
                "borderRadius": 8,
                "flex": 1,
                "flexDirection": "column",
                "justifyContent": "flex-start",
                "margin": 4,
                "overflow": "hidden",
                "padding": 16,
              }
            }
            title="Nations"
            titleStyle={
              Object {
                "color": "#F5A623",
                "fontFamily": "Roboto",
                "fontSize": 22,
                "fontWeight": "bold",
                "letterSpacing": 0,
                "lineHeight": 28,
                "textAlign": "left",
              }
            }
          >
            <View
              style={
                Object {
                  "alignItems": "flex-end",
                  "marginBottom": 16,
                }
              }
            >
              <Text
                accessible={true}
                allowFontScaling={true}
                ellipsizeMode="tail"
                style={
                  Object {
                    "color": "#929497",
                    "fontFamily": "Roboto",
                    "fontSize": 17,
                    "fontWeight": "normal",
                    "letterSpacing": 0,
                    "lineHeight": 22,
                  }
                }
              >
                
                <Text
                  accessible={true}
                  allowFontScaling={true}
                  ellipsizeMode="tail"
                  style={
                    Object {
                      "color": "#FF8B00",
                      "fontFamily": "Roboto",
                      "fontSize": 17,
                      "fontWeight": "900",
                      "letterSpacing": 0,
                      "lineHeight": 22,
                    }
                  }
                >
                  0
                </Text>
                 in Pangea
              </Text>
            </View>
            <View
              style={
                Object {
                  "alignItems": "stretch",
                  "flex": 1,
                  "flexDirection": "column",
                  "justifyContent": "space-between",
                  "marginLeft": -16,
                  "marginRight": -16,
                }
              }
            >
              <View
                style={
                  Object {
                    "height": 30,
                    "justifyContent": "center",
                    "paddingLeft": 16,
                  }
                }
              >
                <Text
                  accessible={true}
                  allowFontScaling={true}
                  ellipsizeMode="tail"
                  style={
                    Object {
                      "color": "#929497",
                      "fontFamily": "Roboto",
                      "fontSize": 17,
                      "fontWeight": "normal",
                      "letterSpacing": 0,
                      "lineHeight": 22,
                    }
                  }
                >
                  Newest Nations
                </Text>
              </View>
              <FlatList
                ItemSeparatorComponent={[Function]}
                data={Array []}
                disableVirtualization={false}
                horizontal={false}
                initialNumToRender={10}
                keyExtractor={[Function]}
                maxToRenderPerBatch={10}
                numColumns={1}
                onEndReachedThreshold={2}
                renderItem={[Function]}
                scrollEventThrottle={50}
                updateCellsBatchingPeriod={50}
                windowSize={21}
              />
            </View>
          </PanelView>,
          false,
        ],
        "style": undefined,
      },
      "ref": null,
      "rendered": Array [
        Object {
          "instance": null,
          "key": undefined,
          "nodeType": "class",
          "props": Object {
            "body": undefined,
            "buttonTitle": "Button",
            "children": Array [
              <View
                style={
                  Object {
                    "alignItems": "flex-end",
                    "marginBottom": 16,
                  }
                }
              >
                <Text
                  accessible={true}
                  allowFontScaling={true}
                  ellipsizeMode="tail"
                  style={
                    Object {
                      "color": "#929497",
                      "fontFamily": "Roboto",
                      "fontSize": 17,
                      "fontWeight": "normal",
                      "letterSpacing": 0,
                      "lineHeight": 22,
                    }
                  }
                >
                  
                  <Text
                    accessible={true}
                    allowFontScaling={true}
                    ellipsizeMode="tail"
                    style={
                      Object {
                        "color": "#FF8B00",
                        "fontFamily": "Roboto",
                        "fontSize": 17,
                        "fontWeight": "900",
                        "letterSpacing": 0,
                        "lineHeight": 22,
                      }
                    }
                  >
                    0
                  </Text>
                   in Pangea
                </Text>
              </View>,
              <View
                style={
                  Object {
                    "alignItems": "stretch",
                    "flex": 1,
                    "flexDirection": "column",
                    "justifyContent": "space-between",
                    "marginLeft": -16,
                    "marginRight": -16,
                  }
                }
              >
                <View
                  style={
                    Object {
                      "height": 30,
                      "justifyContent": "center",
                      "paddingLeft": 16,
                    }
                  }
                >
                  <Text
                    accessible={true}
                    allowFontScaling={true}
                    ellipsizeMode="tail"
                    style={
                      Object {
                        "color": "#929497",
                        "fontFamily": "Roboto",
                        "fontSize": 17,
                        "fontWeight": "normal",
                        "letterSpacing": 0,
                        "lineHeight": 22,
                      }
                    }
                  >
                    Newest Nations
                  </Text>
                </View>
                <FlatList
                  ItemSeparatorComponent={[Function]}
                  data={Array []}
                  disableVirtualization={false}
                  horizontal={false}
                  initialNumToRender={10}
                  keyExtractor={[Function]}
                  maxToRenderPerBatch={10}
                  numColumns={1}
                  onEndReachedThreshold={2}
                  renderItem={[Function]}
                  scrollEventThrottle={50}
                  updateCellsBatchingPeriod={50}
                  windowSize={21}
                />
              </View>,
            ],
            "childrenContainerStyle": Object {},
            "icon": undefined,
            "onButtonClick": null,
            "renderAdditionalInfo": null,
            "renderBottom": null,
            "style": Object {
              "alignItems": "stretch",
              "backgroundColor": "white",
              "borderRadius": 8,
              "flex": 1,
              "flexDirection": "column",
              "justifyContent": "flex-start",
              "margin": 4,
              "overflow": "hidden",
              "padding": 16,
            },
            "title": "Nations",
            "titleStyle": Object {
              "color": "#F5A623",
              "fontFamily": "Roboto",
              "fontSize": 22,
              "fontWeight": "bold",
              "letterSpacing": 0,
              "lineHeight": 28,
              "textAlign": "left",
            },
          },
          "ref": null,
          "rendered": Array [
            Object {
              "instance": null,
              "key": undefined,
              "nodeType": "class",
              "props": Object {
                "children": <Text
                  accessible={true}
                  allowFontScaling={true}
                  ellipsizeMode="tail"
                  style={
                    Object {
                      "color": "#929497",
                      "fontFamily": "Roboto",
                      "fontSize": 17,
                      "fontWeight": "normal",
                      "letterSpacing": 0,
                      "lineHeight": 22,
                    }
                  }
                >
                  
                  <Text
                    accessible={true}
                    allowFontScaling={true}
                    ellipsizeMode="tail"
                    style={
                      Object {
                        "color": "#FF8B00",
                        "fontFamily": "Roboto",
                        "fontSize": 17,
                        "fontWeight": "900",
                        "letterSpacing": 0,
                        "lineHeight": 22,
                      }
                    }
                  >
                    0
                  </Text>
                   in Pangea
                </Text>,
                "style": Object {
                  "alignItems": "flex-end",
                  "marginBottom": 16,
                },
              },
              "ref": null,
              "rendered": Object {
                "instance": null,
                "key": undefined,
                "nodeType": "class",
                "props": Object {
                  "accessible": true,
                  "allowFontScaling": true,
                  "children": Array [
                    "",
                    <Text
                      accessible={true}
                      allowFontScaling={true}
                      ellipsizeMode="tail"
                      style={
                        Object {
                          "color": "#FF8B00",
                          "fontFamily": "Roboto",
                          "fontSize": 17,
                          "fontWeight": "900",
                          "letterSpacing": 0,
                          "lineHeight": 22,
                        }
                      }
                    >
                      0
                    </Text>,
                    " in Pangea",
                  ],
                  "ellipsizeMode": "tail",
                  "style": Object {
                    "color": "#929497",
                    "fontFamily": "Roboto",
                    "fontSize": 17,
                    "fontWeight": "normal",
                    "letterSpacing": 0,
                    "lineHeight": 22,
                  },
                },
                "ref": null,
                "rendered": Array [
                  "",
                  Object {
                    "instance": null,
                    "key": undefined,
                    "nodeType": "class",
                    "props": Object {
                      "accessible": true,
                      "allowFontScaling": true,
                      "children": "0",
                      "ellipsizeMode": "tail",
                      "style": Object {
                        "color": "#FF8B00",
                        "fontFamily": "Roboto",
                        "fontSize": 17,
                        "fontWeight": "900",
                        "letterSpacing": 0,
                        "lineHeight": 22,
                      },
                    },
                    "ref": null,
                    "rendered": "0",
                    "type": [Function],
                  },
                  " in Pangea",
                ],
                "type": [Function],
              },
              "type": [Function],
            },
            Object {
              "instance": null,
              "key": undefined,
              "nodeType": "class",
              "props": Object {
                "children": Array [
                  <View
                    style={
                      Object {
                        "height": 30,
                        "justifyContent": "center",
                        "paddingLeft": 16,
                      }
                    }
                  >
                    <Text
                      accessible={true}
                      allowFontScaling={true}
                      ellipsizeMode="tail"
                      style={
                        Object {
                          "color": "#929497",
                          "fontFamily": "Roboto",
                          "fontSize": 17,
                          "fontWeight": "normal",
                          "letterSpacing": 0,
                          "lineHeight": 22,
                        }
                      }
                    >
                      Newest Nations
                    </Text>
                  </View>,
                  <FlatList
                    ItemSeparatorComponent={[Function]}
                    data={Array []}
                    disableVirtualization={false}
                    horizontal={false}
                    initialNumToRender={10}
                    keyExtractor={[Function]}
                    maxToRenderPerBatch={10}
                    numColumns={1}
                    onEndReachedThreshold={2}
                    renderItem={[Function]}
                    scrollEventThrottle={50}
                    updateCellsBatchingPeriod={50}
                    windowSize={21}
                  />,
                ],
                "style": Object {
                  "alignItems": "stretch",
                  "flex": 1,
                  "flexDirection": "column",
                  "justifyContent": "space-between",
                  "marginLeft": -16,
                  "marginRight": -16,
                },
              },
              "ref": null,
              "rendered": Array [
                Object {
                  "instance": null,
                  "key": undefined,
                  "nodeType": "class",
                  "props": Object {
                    "children": <Text
                      accessible={true}
                      allowFontScaling={true}
                      ellipsizeMode="tail"
                      style={
                        Object {
                          "color": "#929497",
                          "fontFamily": "Roboto",
                          "fontSize": 17,
                          "fontWeight": "normal",
                          "letterSpacing": 0,
                          "lineHeight": 22,
                        }
                      }
                    >
                      Newest Nations
                    </Text>,
                    "style": Object {
                      "height": 30,
                      "justifyContent": "center",
                      "paddingLeft": 16,
                    },
                  },
                  "ref": null,
                  "rendered": Object {
                    "instance": null,
                    "key": undefined,
                    "nodeType": "class",
                    "props": Object {
                      "accessible": true,
                      "allowFontScaling": true,
                      "children": "Newest Nations",
                      "ellipsizeMode": "tail",
                      "style": Object {
                        "color": "#929497",
                        "fontFamily": "Roboto",
                        "fontSize": 17,
                        "fontWeight": "normal",
                        "letterSpacing": 0,
                        "lineHeight": 22,
                      },
                    },
                    "ref": null,
                    "rendered": "Newest Nations",
                    "type": [Function],
                  },
                  "type": [Function],
                },
                Object {
                  "instance": null,
                  "key": undefined,
                  "nodeType": "class",
                  "props": Object {
                    "ItemSeparatorComponent": [Function],
                    "data": Array [],
                    "disableVirtualization": false,
                    "horizontal": false,
                    "initialNumToRender": 10,
                    "keyExtractor": [Function],
                    "maxToRenderPerBatch": 10,
                    "numColumns": 1,
                    "onEndReachedThreshold": 2,
                    "renderItem": [Function],
                    "scrollEventThrottle": 50,
                    "updateCellsBatchingPeriod": 50,
                    "windowSize": 21,
                  },
                  "ref": null,
                  "rendered": null,
                  "type": [Function],
                },
              ],
              "type": [Function],
            },
          ],
          "type": [Function],
        },
        false,
      ],
      "type": [Function],
    },
  ],
  Symbol(enzyme.__options__): Object {
    "adapter": ReactSixteenAdapter {
      "options": Object {
        "enableComponentDidUpdateOnSetState": true,
        "lifecycles": Object {
          "componentDidUpdate": Object {
            "onSetState": true,
          },
          "getSnapshotBeforeUpdate": true,
        },
      },
    },
  },
}
`;
