// Jest Snapshot v1, https://goo.gl/fbAQLP

exports[`ChatNationsListScreen Rendering 1`] = `
ShallowWrapper {
  "length": 1,
  Symbol(enzyme.__root__): [Circular],
  Symbol(enzyme.__unrendered__): <ChatNationsListScreen
    myNations={Array []}
    nations={Array []}
    onSelectItem={[MockFunction]}
    selectedTab="ALL_NATIONS"
    store={
      Object {
        "clearActions": [Function],
        "dispatch": [Function],
        "getActions": [Function],
        "getState": [Function],
        "replaceReducer": [Function],
        "subscribe": [Function],
      }
    }
  />,
  Symbol(enzyme.__renderer__): Object {
    "batchedUpdates": [Function],
    "getNode": [Function],
    "render": [Function],
    "simulateEvent": [Function],
    "unmount": [Function],
  },
  Symbol(enzyme.__node__): Object {
    "instance": null,
    "key": undefined,
    "nodeType": "class",
    "props": Object {
      "children": Array [
        <BackgroundImage
          source={1}
          style={undefined}
        />,
        <FakeNavigationBar
          navBarHidden={false}
        />,
        <ScreenTitle
          title="Chat"
        />,
        <SectionList
          data={Array []}
          disableVirtualization={false}
          horizontal={false}
          initialNumToRender={10}
          keyExtractor={[Function]}
          maxToRenderPerBatch={10}
          onEndReachedThreshold={2}
          renderItem={[Function]}
          renderSectionHeader={[Function]}
          scrollEventThrottle={50}
          sections={
            Array [
              Object {
                "data": Array [
                  Object {
                    "id": 0,
                    "isBot": true,
                    "name": "Dr. FreudBot",
                  },
                ],
                "title": "Bots",
              },
            ]
          }
          stickySectionHeadersEnabled={true}
          style={
            Object {
              "flex": 1,
            }
          }
          updateCellsBatchingPeriod={50}
          windowSize={21}
        />,
      ],
      "style": Object {
        "alignItems": "stretch",
        "flex": 1,
        "flexDirection": "column",
        "justifyContent": "flex-start",
      },
    },
    "ref": null,
    "rendered": Array [
      Object {
        "instance": null,
        "key": undefined,
        "nodeType": "function",
        "props": Object {
          "source": 1,
          "style": undefined,
        },
        "ref": null,
        "rendered": null,
        "type": [Function],
      },
      Object {
        "instance": null,
        "key": undefined,
        "nodeType": "function",
        "props": Object {
          "navBarHidden": false,
        },
        "ref": null,
        "rendered": null,
        "type": [Function],
      },
      Object {
        "instance": null,
        "key": undefined,
        "nodeType": "function",
        "props": Object {
          "title": "Chat",
        },
        "ref": null,
        "rendered": null,
        "type": [Function],
      },
      Object {
        "instance": null,
        "key": undefined,
        "nodeType": "class",
        "props": Object {
          "data": Array [],
          "disableVirtualization": false,
          "horizontal": false,
          "initialNumToRender": 10,
          "keyExtractor": [Function],
          "maxToRenderPerBatch": 10,
          "onEndReachedThreshold": 2,
          "renderItem": [Function],
          "renderSectionHeader": [Function],
          "scrollEventThrottle": 50,
          "sections": Array [
            Object {
              "data": Array [
                Object {
                  "id": 0,
                  "isBot": true,
                  "name": "Dr. FreudBot",
                },
              ],
              "title": "Bots",
            },
          ],
          "stickySectionHeadersEnabled": true,
          "style": Object {
            "flex": 1,
          },
          "updateCellsBatchingPeriod": 50,
          "windowSize": 21,
        },
        "ref": null,
        "rendered": null,
        "type": [Function],
      },
    ],
    "type": [Function],
  },
  Symbol(enzyme.__nodes__): Array [
    Object {
      "instance": null,
      "key": undefined,
      "nodeType": "class",
      "props": Object {
        "children": Array [
          <BackgroundImage
            source={1}
            style={undefined}
          />,
          <FakeNavigationBar
            navBarHidden={false}
          />,
          <ScreenTitle
            title="Chat"
          />,
          <SectionList
            data={Array []}
            disableVirtualization={false}
            horizontal={false}
            initialNumToRender={10}
            keyExtractor={[Function]}
            maxToRenderPerBatch={10}
            onEndReachedThreshold={2}
            renderItem={[Function]}
            renderSectionHeader={[Function]}
            scrollEventThrottle={50}
            sections={
              Array [
                Object {
                  "data": Array [
                    Object {
                      "id": 0,
                      "isBot": true,
                      "name": "Dr. FreudBot",
                    },
                  ],
                  "title": "Bots",
                },
              ]
            }
            stickySectionHeadersEnabled={true}
            style={
              Object {
                "flex": 1,
              }
            }
            updateCellsBatchingPeriod={50}
            windowSize={21}
          />,
        ],
        "style": Object {
          "alignItems": "stretch",
          "flex": 1,
          "flexDirection": "column",
          "justifyContent": "flex-start",
        },
      },
      "ref": null,
      "rendered": Array [
        Object {
          "instance": null,
          "key": undefined,
          "nodeType": "function",
          "props": Object {
            "source": 1,
            "style": undefined,
          },
          "ref": null,
          "rendered": null,
          "type": [Function],
        },
        Object {
          "instance": null,
          "key": undefined,
          "nodeType": "function",
          "props": Object {
            "navBarHidden": false,
          },
          "ref": null,
          "rendered": null,
          "type": [Function],
        },
        Object {
          "instance": null,
          "key": undefined,
          "nodeType": "function",
          "props": Object {
            "title": "Chat",
          },
          "ref": null,
          "rendered": null,
          "type": [Function],
        },
        Object {
          "instance": null,
          "key": undefined,
          "nodeType": "class",
          "props": Object {
            "data": Array [],
            "disableVirtualization": false,
            "horizontal": false,
            "initialNumToRender": 10,
            "keyExtractor": [Function],
            "maxToRenderPerBatch": 10,
            "onEndReachedThreshold": 2,
            "renderItem": [Function],
            "renderSectionHeader": [Function],
            "scrollEventThrottle": 50,
            "sections": Array [
              Object {
                "data": Array [
                  Object {
                    "id": 0,
                    "isBot": true,
                    "name": "Dr. FreudBot",
                  },
                ],
                "title": "Bots",
              },
            ],
            "stickySectionHeadersEnabled": true,
            "style": Object {
              "flex": 1,
            },
            "updateCellsBatchingPeriod": 50,
            "windowSize": 21,
          },
          "ref": null,
          "rendered": null,
          "type": [Function],
        },
      ],
      "type": [Function],
    },
  ],
  Symbol(enzyme.__options__): Object {
    "adapter": ReactSixteenAdapter {
      "options": Object {
        "enableComponentDidUpdateOnSetState": true,
      },
    },
  },
}
`;
