// Jest Snapshot v1, https://goo.gl/fbAQLP

exports[`BackgroundImage renders correctly 1`] = `
<Image
  resizeMode="cover"
  source={1}
  style={
    Array [
      Object {
        "bottom": 0,
        "height": "100%",
        "left": 0,
        "position": "absolute",
        "right": 0,
        "top": 0,
        "width": "100%",
        "zIndex": -1,
      },
      undefined,
    ]
  }
/>
`;
