// Jest Snapshot v1, https://goo.gl/fbAQLP

exports[`PanelViewCitizen tests Rendering Testing correct rendering 1`] = `
ShallowWrapper {
  Symbol(enzyme.__root__): [Circular],
  Symbol(enzyme.__unrendered__): <PanelViewCitizen
    nationName=""
    status="Test of Nation Name"
  />,
  Symbol(enzyme.__renderer__): Object {
    "batchedUpdates": [Function],
    "getNode": [Function],
    "render": [Function],
    "simulateEvent": [Function],
    "unmount": [Function],
  },
  Symbol(enzyme.__node__): Object {
    "instance": null,
    "key": undefined,
    "nodeType": "class",
    "props": Object {
      "children": Array [
        <Text
          accessible={true}
          allowFontScaling={true}
          ellipsizeMode="tail"
          style={
            Object {
              "color": "#929497",
              "fontFamily": "Roboto",
              "fontSize": 17,
              "fontWeight": "normal",
              "letterSpacing": 0,
              "lineHeight": 22,
            }
          }
        >
          You are citizen of
           
          
        </Text>,
        <Image
          source={1}
          style={
            Object {
              "height": 25,
              "width": 25,
            }
          }
        />,
      ],
      "style": Object {
        "backgroundColor": "rgba(255,255,255,0.2)",
        "borderRadius": 8,
        "flexDirection": "row",
        "justifyContent": "space-between",
        "marginBottom": 4,
        "marginLeft": 0,
        "marginRight": 0,
        "marginTop": 4,
        "overflow": "hidden",
        "padding": 7,
        "paddingLeft": 10,
      },
    },
    "ref": null,
    "rendered": Array [
      Object {
        "instance": null,
        "key": undefined,
        "nodeType": "class",
        "props": Object {
          "accessible": true,
          "allowFontScaling": true,
          "children": Array [
            "You are citizen of",
            " ",
            "",
          ],
          "ellipsizeMode": "tail",
          "style": Object {
            "color": "#929497",
            "fontFamily": "Roboto",
            "fontSize": 17,
            "fontWeight": "normal",
            "letterSpacing": 0,
            "lineHeight": 22,
          },
        },
        "ref": null,
        "rendered": Array [
          "You are citizen of",
          " ",
          "",
        ],
        "type": [Function],
      },
      Object {
        "instance": null,
        "key": undefined,
        "nodeType": "class",
        "props": Object {
          "source": 1,
          "style": Object {
            "height": 25,
            "width": 25,
          },
        },
        "ref": null,
        "rendered": null,
        "type": [Function],
      },
    ],
    "type": [Function],
  },
  Symbol(enzyme.__nodes__): Array [
    Object {
      "instance": null,
      "key": undefined,
      "nodeType": "class",
      "props": Object {
        "children": Array [
          <Text
            accessible={true}
            allowFontScaling={true}
            ellipsizeMode="tail"
            style={
              Object {
                "color": "#929497",
                "fontFamily": "Roboto",
                "fontSize": 17,
                "fontWeight": "normal",
                "letterSpacing": 0,
                "lineHeight": 22,
              }
            }
          >
            You are citizen of
             
            
          </Text>,
          <Image
            source={1}
            style={
              Object {
                "height": 25,
                "width": 25,
              }
            }
          />,
        ],
        "style": Object {
          "backgroundColor": "rgba(255,255,255,0.2)",
          "borderRadius": 8,
          "flexDirection": "row",
          "justifyContent": "space-between",
          "marginBottom": 4,
          "marginLeft": 0,
          "marginRight": 0,
          "marginTop": 4,
          "overflow": "hidden",
          "padding": 7,
          "paddingLeft": 10,
        },
      },
      "ref": null,
      "rendered": Array [
        Object {
          "instance": null,
          "key": undefined,
          "nodeType": "class",
          "props": Object {
            "accessible": true,
            "allowFontScaling": true,
            "children": Array [
              "You are citizen of",
              " ",
              "",
            ],
            "ellipsizeMode": "tail",
            "style": Object {
              "color": "#929497",
              "fontFamily": "Roboto",
              "fontSize": 17,
              "fontWeight": "normal",
              "letterSpacing": 0,
              "lineHeight": 22,
            },
          },
          "ref": null,
          "rendered": Array [
            "You are citizen of",
            " ",
            "",
          ],
          "type": [Function],
        },
        Object {
          "instance": null,
          "key": undefined,
          "nodeType": "class",
          "props": Object {
            "source": 1,
            "style": Object {
              "height": 25,
              "width": 25,
            },
          },
          "ref": null,
          "rendered": null,
          "type": [Function],
        },
      ],
      "type": [Function],
    },
  ],
  Symbol(enzyme.__options__): Object {
    "adapter": ReactSixteenAdapter {
      "options": Object {
        "enableComponentDidUpdateOnSetState": true,
        "lifecycles": Object {
          "componentDidUpdate": Object {
            "onSetState": true,
          },
          "getSnapshotBeforeUpdate": true,
        },
      },
    },
    "attachTo": undefined,
    "hydrateIn": undefined,
  },
}
`;
