// Jest Snapshot v1, https://goo.gl/fbAQLP

exports[`ScreenTitle tests Rendering Testing correct rendering 1`] = `
ShallowWrapper {
  "length": 1,
  Symbol(enzyme.__root__): [Circular],
  Symbol(enzyme.__unrendered__): <ScreenTitle
    title="Test title"
  />,
  Symbol(enzyme.__renderer__): Object {
    "batchedUpdates": [Function],
    "getNode": [Function],
    "render": [Function],
    "simulateEvent": [Function],
    "unmount": [Function],
  },
  Symbol(enzyme.__node__): Object {
    "instance": null,
    "key": undefined,
    "nodeType": "class",
    "props": Object {
      "children": <View
        style={
          Object {
            "alignItems": "flex-start",
            "height": 40,
          }
        }
      >
        <Text
          accessible={true}
          allowFontScaling={true}
          ellipsizeMode="tail"
          style={
            Object {
              "color": "#58595B",
              "fontFamily": "Roboto",
              "fontSize": 27,
              "fontWeight": "500",
              "letterSpacing": 0,
              "lineHeight": 30,
            }
          }
        >
          Test title
        </Text>
      </View>,
      "style": Object {
        "borderBottomWidth": 1,
        "borderColor": "#58595B",
        "marginBottom": 8,
        "marginHorizontal": 20,
      },
    },
    "ref": null,
    "rendered": Object {
      "instance": null,
      "key": undefined,
      "nodeType": "class",
      "props": Object {
        "children": <Text
          accessible={true}
          allowFontScaling={true}
          ellipsizeMode="tail"
          style={
            Object {
              "color": "#58595B",
              "fontFamily": "Roboto",
              "fontSize": 27,
              "fontWeight": "500",
              "letterSpacing": 0,
              "lineHeight": 30,
            }
          }
        >
          Test title
        </Text>,
        "style": Object {
          "alignItems": "flex-start",
          "height": 40,
        },
      },
      "ref": null,
      "rendered": Object {
        "instance": null,
        "key": undefined,
        "nodeType": "class",
        "props": Object {
          "accessible": true,
          "allowFontScaling": true,
          "children": "Test title",
          "ellipsizeMode": "tail",
          "style": Object {
            "color": "#58595B",
            "fontFamily": "Roboto",
            "fontSize": 27,
            "fontWeight": "500",
            "letterSpacing": 0,
            "lineHeight": 30,
          },
        },
        "ref": null,
        "rendered": "Test title",
        "type": [Function],
      },
      "type": [Function],
    },
    "type": [Function],
  },
  Symbol(enzyme.__nodes__): Array [
    Object {
      "instance": null,
      "key": undefined,
      "nodeType": "class",
      "props": Object {
        "children": <View
          style={
            Object {
              "alignItems": "flex-start",
              "height": 40,
            }
          }
        >
          <Text
            accessible={true}
            allowFontScaling={true}
            ellipsizeMode="tail"
            style={
              Object {
                "color": "#58595B",
                "fontFamily": "Roboto",
                "fontSize": 27,
                "fontWeight": "500",
                "letterSpacing": 0,
                "lineHeight": 30,
              }
            }
          >
            Test title
          </Text>
        </View>,
        "style": Object {
          "borderBottomWidth": 1,
          "borderColor": "#58595B",
          "marginBottom": 8,
          "marginHorizontal": 20,
        },
      },
      "ref": null,
      "rendered": Object {
        "instance": null,
        "key": undefined,
        "nodeType": "class",
        "props": Object {
          "children": <Text
            accessible={true}
            allowFontScaling={true}
            ellipsizeMode="tail"
            style={
              Object {
                "color": "#58595B",
                "fontFamily": "Roboto",
                "fontSize": 27,
                "fontWeight": "500",
                "letterSpacing": 0,
                "lineHeight": 30,
              }
            }
          >
            Test title
          </Text>,
          "style": Object {
            "alignItems": "flex-start",
            "height": 40,
          },
        },
        "ref": null,
        "rendered": Object {
          "instance": null,
          "key": undefined,
          "nodeType": "class",
          "props": Object {
            "accessible": true,
            "allowFontScaling": true,
            "children": "Test title",
            "ellipsizeMode": "tail",
            "style": Object {
              "color": "#58595B",
              "fontFamily": "Roboto",
              "fontSize": 27,
              "fontWeight": "500",
              "letterSpacing": 0,
              "lineHeight": 30,
            },
          },
          "ref": null,
          "rendered": "Test title",
          "type": [Function],
        },
        "type": [Function],
      },
      "type": [Function],
    },
  ],
  Symbol(enzyme.__options__): Object {
    "adapter": ReactSixteenAdapter {
      "options": Object {
        "enableComponentDidUpdateOnSetState": true,
      },
    },
  },
}
`;
