// Jest Snapshot v1, https://goo.gl/fbAQLP

exports[`DetailNationScreen Rendering 1`] = `
ShallowWrapper {
  "length": 1,
  Symbol(enzyme.__root__): [Circular],
  Symbol(enzyme.__unrendered__): <NationDetailsScreen
    deleteDraft={[MockFunction]}
    isDraft={false}
    joinNation={[MockFunction]}
    leaveNation={[MockFunction]}
    navigator={
      Object {
        "pop": [MockFunction] {
          "calls": Array [
            Array [],
          ],
        },
        "push": [MockFunction],
        "setButtons": [MockFunction],
        "setOnNavigatorEvent": [MockFunction],
      }
    }
    openNationChat={[MockFunction]}
    store={
      Object {
        "clearActions": [Function],
        "dispatch": [Function],
        "getActions": [Function],
        "getState": [Function],
        "replaceReducer": [Function],
        "subscribe": [Function],
      }
    }
    submitDraft={[MockFunction]}
  />,
  Symbol(enzyme.__renderer__): Object {
    "batchedUpdates": [Function],
    "getNode": [Function],
    "render": [Function],
    "simulateEvent": [Function],
    "unmount": [Function],
  },
  Symbol(enzyme.__node__): Object {
    "instance": null,
    "key": undefined,
    "nodeType": "function",
    "props": Object {
      "source": Object {
        "testUri": "../../../src/assets/images/background.jpg",
      },
      "style": undefined,
    },
    "ref": null,
    "rendered": null,
    "type": [Function],
  },
  Symbol(enzyme.__nodes__): Array [
    Object {
      "instance": null,
      "key": undefined,
      "nodeType": "function",
      "props": Object {
        "source": Object {
          "testUri": "../../../src/assets/images/background.jpg",
        },
        "style": undefined,
      },
      "ref": null,
      "rendered": null,
      "type": [Function],
    },
  ],
  Symbol(enzyme.__options__): Object {
    "adapter": ReactSixteenAdapter {
      "options": Object {
        "enableComponentDidUpdateOnSetState": true,
      },
    },
  },
}
`;
