// Jest Snapshot v1, https://goo.gl/fbAQLP

exports[`FakeNavigationBar renders correctly 1`] = `
<View
  style={
    Object {
      "backgroundColor": "transparent",
      "height": 44,
      "marginLeft": 8,
      "marginRight": 8,
      "marginTop": 20,
    }
  }
/>
`;
