// Jest Snapshot v1, https://goo.gl/fbAQLP

exports[`ProfileScreenContainer Rendering 1`] = `
ShallowWrapper {
  Symbol(enzyme.__root__): [Circular],
  Symbol(enzyme.__unrendered__): <Connect(ProfileContainer)
    navigator={
      Object {
        "pop": [MockFunction],
        "push": [MockFunction],
        "setButtons": [MockFunction],
        "setOnNavigatorEvent": [MockFunction],
      }
    }
    store={
      Object {
        "clearActions": [Function],
        "dispatch": [Function],
        "getActions": [Function],
        "getState": [Function],
        "replaceReducer": [Function],
        "subscribe": [Function],
      }
    }
  />,
  Symbol(enzyme.__renderer__): Object {
    "batchedUpdates": [Function],
    "getNode": [Function],
    "render": [Function],
    "simulateEvent": [Function],
    "unmount": [Function],
  },
  Symbol(enzyme.__node__): Object {
    "instance": null,
    "key": undefined,
    "nodeType": "class",
    "props": Object {
      "account": null,
      "accountsState": Object {
        "account": Object {
          "_id": 1,
          "location": "NYC",
          "name": "Pangea",
        },
        "editingAccount": Object {},
      },
      "changeCreatingAccountField": [Function],
      "doneAccountCreation": [Function],
      "editingAccount": Object {},
      "makeStepForTestingMode": [Function],
      "navigator": Object {
        "pop": [MockFunction],
        "push": [MockFunction],
        "setButtons": [MockFunction],
        "setOnNavigatorEvent": [MockFunction],
      },
      "onCancelAccountEditing": [Function],
      "onChangeEditingAccount": [Function],
      "onDoneAccountEditing": [Function],
      "onStartAccountEditing": [Function],
      "publicKey": undefined,
      "resetStepsForTestingMode": [Function],
      "store": Object {
        "clearActions": [Function],
        "dispatch": [Function],
        "getActions": [Function],
        "getState": [Function],
        "replaceReducer": [Function],
        "subscribe": [Function],
      },
      "storeSubscription": Subscription {
        "listeners": Object {
          "clear": [Function],
          "get": [Function],
          "notify": [Function],
          "subscribe": [Function],
        },
        "onStateChange": [Function],
        "parentSub": undefined,
        "store": Object {
          "clearActions": [Function],
          "dispatch": [Function],
          "getActions": [Function],
          "getState": [Function],
          "replaceReducer": [Function],
          "subscribe": [Function],
        },
        "unsubscribe": [Function],
      },
      "testingModeActive": true,
    },
    "ref": null,
    "rendered": null,
    "type": [Function],
  },
  Symbol(enzyme.__nodes__): Array [
    Object {
      "instance": null,
      "key": undefined,
      "nodeType": "class",
      "props": Object {
        "account": null,
        "accountsState": Object {
          "account": Object {
            "_id": 1,
            "location": "NYC",
            "name": "Pangea",
          },
          "editingAccount": Object {},
        },
        "changeCreatingAccountField": [Function],
        "doneAccountCreation": [Function],
        "editingAccount": Object {},
        "makeStepForTestingMode": [Function],
        "navigator": Object {
          "pop": [MockFunction],
          "push": [MockFunction],
          "setButtons": [MockFunction],
          "setOnNavigatorEvent": [MockFunction],
        },
        "onCancelAccountEditing": [Function],
        "onChangeEditingAccount": [Function],
        "onDoneAccountEditing": [Function],
        "onStartAccountEditing": [Function],
        "publicKey": undefined,
        "resetStepsForTestingMode": [Function],
        "store": Object {
          "clearActions": [Function],
          "dispatch": [Function],
          "getActions": [Function],
          "getState": [Function],
          "replaceReducer": [Function],
          "subscribe": [Function],
        },
        "storeSubscription": Subscription {
          "listeners": Object {
            "clear": [Function],
            "get": [Function],
            "notify": [Function],
            "subscribe": [Function],
          },
          "onStateChange": [Function],
          "parentSub": undefined,
          "store": Object {
            "clearActions": [Function],
            "dispatch": [Function],
            "getActions": [Function],
            "getState": [Function],
            "replaceReducer": [Function],
            "subscribe": [Function],
          },
          "unsubscribe": [Function],
        },
        "testingModeActive": true,
      },
      "ref": null,
      "rendered": null,
      "type": [Function],
    },
  ],
  Symbol(enzyme.__options__): Object {
    "adapter": ReactSixteenAdapter {
      "options": Object {
        "enableComponentDidUpdateOnSetState": true,
        "lifecycles": Object {
          "componentDidUpdate": Object {
            "onSetState": true,
          },
          "getSnapshotBeforeUpdate": true,
        },
      },
    },
    "attachTo": undefined,
    "hydrateIn": undefined,
  },
}
`;
