// Jest Snapshot v1, https://goo.gl/fbAQLP

exports[`ActivityPanel renders correctly 1`] = `
ShallowWrapper {
  "length": 1,
  Symbol(enzyme.__root__): [Circular],
  Symbol(enzyme.__unrendered__): <ActivityPanel
    messages={Array []}
    onAddDummyMessage={[MockFunction]}
    testingMode={
      Object {
        "isActive": true,
      }
    }
  />,
  Symbol(enzyme.__renderer__): Object {
    "batchedUpdates": [Function],
    "getNode": [Function],
    "render": [Function],
    "simulateEvent": [Function],
    "unmount": [Function],
  },
  Symbol(enzyme.__node__): Object {
    "instance": null,
    "key": undefined,
    "nodeType": "class",
    "props": Object {
      "children": <PanelView
        body={undefined}
        buttonTitle="Button"
        childrenContainerStyle={
          Object {
            "flex": 1,
          }
        }
        icon={undefined}
        onButtonClick={null}
        renderAdditionalInfo={null}
        renderBottom={null}
        style={
          Object {
            "alignItems": "stretch",
            "backgroundColor": "rgba(255,255,255,0.2)",
            "borderRadius": 8,
            "flex": 1,
            "flexDirection": "column",
            "justifyContent": "space-between",
            "margin": 4,
            "overflow": "hidden",
            "padding": 16,
          }
        }
        title="Activity"
        titleStyle={
          Object {
            "color": "#F5A623",
            "fontFamily": "Roboto",
            "fontSize": 22,
            "fontWeight": "bold",
            "letterSpacing": 0,
            "lineHeight": 28,
            "textAlign": "left",
          }
        }
      >
        <FlatList
          data={Array []}
          disableVirtualization={false}
          horizontal={false}
          initialNumToRender={10}
          keyExtractor={[Function]}
          maxToRenderPerBatch={10}
          numColumns={1}
          onEndReachedThreshold={2}
          renderItem={[Function]}
          scrollEventThrottle={50}
          style={
            Object {
              "flex": 1,
            }
          }
          updateCellsBatchingPeriod={50}
          windowSize={21}
        />
        <Button
          enabled={true}
          onPress={[MockFunction]}
          style={undefined}
          title="Add dummy log"
        />
      </PanelView>,
      "style": undefined,
    },
    "ref": null,
    "rendered": Object {
      "instance": null,
      "key": undefined,
      "nodeType": "class",
      "props": Object {
        "body": undefined,
        "buttonTitle": "Button",
        "children": Array [
          <FlatList
            data={Array []}
            disableVirtualization={false}
            horizontal={false}
            initialNumToRender={10}
            keyExtractor={[Function]}
            maxToRenderPerBatch={10}
            numColumns={1}
            onEndReachedThreshold={2}
            renderItem={[Function]}
            scrollEventThrottle={50}
            style={
              Object {
                "flex": 1,
              }
            }
            updateCellsBatchingPeriod={50}
            windowSize={21}
          />,
          <Button
            enabled={true}
            onPress={[MockFunction]}
            style={undefined}
            title="Add dummy log"
          />,
        ],
        "childrenContainerStyle": Object {
          "flex": 1,
        },
        "icon": undefined,
        "onButtonClick": null,
        "renderAdditionalInfo": null,
        "renderBottom": null,
        "style": Object {
          "alignItems": "stretch",
          "backgroundColor": "rgba(255,255,255,0.2)",
          "borderRadius": 8,
          "flex": 1,
          "flexDirection": "column",
          "justifyContent": "space-between",
          "margin": 4,
          "overflow": "hidden",
          "padding": 16,
        },
        "title": "Activity",
        "titleStyle": Object {
          "color": "#F5A623",
          "fontFamily": "Roboto",
          "fontSize": 22,
          "fontWeight": "bold",
          "letterSpacing": 0,
          "lineHeight": 28,
          "textAlign": "left",
        },
      },
      "ref": null,
      "rendered": Array [
        Object {
          "instance": null,
          "key": undefined,
          "nodeType": "class",
          "props": Object {
            "data": Array [],
            "disableVirtualization": false,
            "horizontal": false,
            "initialNumToRender": 10,
            "keyExtractor": [Function],
            "maxToRenderPerBatch": 10,
            "numColumns": 1,
            "onEndReachedThreshold": 2,
            "renderItem": [Function],
            "scrollEventThrottle": 50,
            "style": Object {
              "flex": 1,
            },
            "updateCellsBatchingPeriod": 50,
            "windowSize": 21,
          },
          "ref": null,
          "rendered": null,
          "type": [Function],
        },
        Object {
          "instance": null,
          "key": undefined,
          "nodeType": "function",
          "props": Object {
            "children": undefined,
            "enabled": true,
            "onPress": [MockFunction],
            "style": undefined,
            "title": "Add dummy log",
          },
          "ref": null,
          "rendered": null,
          "type": [Function],
        },
      ],
      "type": [Function],
    },
    "type": [Function],
  },
  Symbol(enzyme.__nodes__): Array [
    Object {
      "instance": null,
      "key": undefined,
      "nodeType": "class",
      "props": Object {
        "children": <PanelView
          body={undefined}
          buttonTitle="Button"
          childrenContainerStyle={
            Object {
              "flex": 1,
            }
          }
          icon={undefined}
          onButtonClick={null}
          renderAdditionalInfo={null}
          renderBottom={null}
          style={
            Object {
              "alignItems": "stretch",
              "backgroundColor": "rgba(255,255,255,0.2)",
              "borderRadius": 8,
              "flex": 1,
              "flexDirection": "column",
              "justifyContent": "space-between",
              "margin": 4,
              "overflow": "hidden",
              "padding": 16,
            }
          }
          title="Activity"
          titleStyle={
            Object {
              "color": "#F5A623",
              "fontFamily": "Roboto",
              "fontSize": 22,
              "fontWeight": "bold",
              "letterSpacing": 0,
              "lineHeight": 28,
              "textAlign": "left",
            }
          }
        >
          <FlatList
            data={Array []}
            disableVirtualization={false}
            horizontal={false}
            initialNumToRender={10}
            keyExtractor={[Function]}
            maxToRenderPerBatch={10}
            numColumns={1}
            onEndReachedThreshold={2}
            renderItem={[Function]}
            scrollEventThrottle={50}
            style={
              Object {
                "flex": 1,
              }
            }
            updateCellsBatchingPeriod={50}
            windowSize={21}
          />
          <Button
            enabled={true}
            onPress={[MockFunction]}
            style={undefined}
            title="Add dummy log"
          />
        </PanelView>,
        "style": undefined,
      },
      "ref": null,
      "rendered": Object {
        "instance": null,
        "key": undefined,
        "nodeType": "class",
        "props": Object {
          "body": undefined,
          "buttonTitle": "Button",
          "children": Array [
            <FlatList
              data={Array []}
              disableVirtualization={false}
              horizontal={false}
              initialNumToRender={10}
              keyExtractor={[Function]}
              maxToRenderPerBatch={10}
              numColumns={1}
              onEndReachedThreshold={2}
              renderItem={[Function]}
              scrollEventThrottle={50}
              style={
                Object {
                  "flex": 1,
                }
              }
              updateCellsBatchingPeriod={50}
              windowSize={21}
            />,
            <Button
              enabled={true}
              onPress={[MockFunction]}
              style={undefined}
              title="Add dummy log"
            />,
          ],
          "childrenContainerStyle": Object {
            "flex": 1,
          },
          "icon": undefined,
          "onButtonClick": null,
          "renderAdditionalInfo": null,
          "renderBottom": null,
          "style": Object {
            "alignItems": "stretch",
            "backgroundColor": "rgba(255,255,255,0.2)",
            "borderRadius": 8,
            "flex": 1,
            "flexDirection": "column",
            "justifyContent": "space-between",
            "margin": 4,
            "overflow": "hidden",
            "padding": 16,
          },
          "title": "Activity",
          "titleStyle": Object {
            "color": "#F5A623",
            "fontFamily": "Roboto",
            "fontSize": 22,
            "fontWeight": "bold",
            "letterSpacing": 0,
            "lineHeight": 28,
            "textAlign": "left",
          },
        },
        "ref": null,
        "rendered": Array [
          Object {
            "instance": null,
            "key": undefined,
            "nodeType": "class",
            "props": Object {
              "data": Array [],
              "disableVirtualization": false,
              "horizontal": false,
              "initialNumToRender": 10,
              "keyExtractor": [Function],
              "maxToRenderPerBatch": 10,
              "numColumns": 1,
              "onEndReachedThreshold": 2,
              "renderItem": [Function],
              "scrollEventThrottle": 50,
              "style": Object {
                "flex": 1,
              },
              "updateCellsBatchingPeriod": 50,
              "windowSize": 21,
            },
            "ref": null,
            "rendered": null,
            "type": [Function],
          },
          Object {
            "instance": null,
            "key": undefined,
            "nodeType": "function",
            "props": Object {
              "children": undefined,
              "enabled": true,
              "onPress": [MockFunction],
              "style": undefined,
              "title": "Add dummy log",
            },
            "ref": null,
            "rendered": null,
            "type": [Function],
          },
        ],
        "type": [Function],
      },
      "type": [Function],
    },
  ],
  Symbol(enzyme.__options__): Object {
    "adapter": ReactSixteenAdapter {
      "options": Object {
        "enableComponentDidUpdateOnSetState": true,
      },
    },
  },
}
`;
