// Jest Snapshot v1, https://goo.gl/fbAQLP

exports[`MultiSelect renders correctly 1`] = `
<View
  style={
    Object {
      "flex": 1,
      "flexDirection": "column",
      "marginBottom": 1,
      "marginTop": 1,
    }
  }
>
  <View>
    <View
      style={
        Object {
          "alignItems": "center",
          "flexDirection": "row",
          "height": 43,
          "marginBottom": 0,
        }
      }
    >
      <View
        style={
          Array [
            Object {
              "alignItems": "center",
              "backgroundColor": "transparent",
              "borderBottomWidth": 1,
              "borderColor": "rgba(192,192,192,0.4)",
              "flex": 1,
              "flexDirection": "row",
              "paddingLeft": 0,
              "paddingRight": 20,
            },
            Object {
              "paddingBottom": 10,
              "paddingTop": 10,
            },
          ]
        }
      >
        <View
          accessibilityComponentType={undefined}
          accessibilityLabel={undefined}
          accessibilityTraits={undefined}
          accessible={true}
          hitSlop={undefined}
          nativeID={undefined}
          onLayout={undefined}
          onResponderGrant={[Function]}
          onResponderMove={[Function]}
          onResponderRelease={[Function]}
          onResponderTerminate={[Function]}
          onResponderTerminationRequest={[Function]}
          onStartShouldSetResponder={[Function]}
          style={
            Object {
              "alignItems": "center",
              "flex": 1,
              "flexDirection": "row",
            }
          }
          testID={undefined}
        >
          <Text
            accessible={true}
            allowFontScaling={true}
            ellipsizeMode="tail"
            numberOfLines={1}
            style={
              Array [
                Object {
                  "color": "#58595B",
                  "flex": 1,
                  "fontSize": 15,
                },
                Object {},
              ]
            }
          >
            Select
          </Text>
          <Text
            accessible={true}
            allowFontScaling={false}
            ellipsizeMode="tail"
            style={
              Array [
                Object {
                  "color": undefined,
                  "fontSize": 12,
                },
                Object {
                  "color": "#FF8B00",
                  "fontSize": 18,
                },
                Object {
                  "fontFamily": "Ionicons",
                  "fontStyle": "normal",
                  "fontWeight": "normal",
                },
              ]
            }
          >
            
          </Text>
        </View>
      </View>
    </View>
  </View>
</View>
`;

exports[`MultiSelect renders correctly with customized colors 1`] = `
<View
  style={
    Object {
      "flex": 1,
      "flexDirection": "column",
      "marginBottom": 1,
      "marginTop": 1,
    }
  }
>
  <View>
    <View
      style={
        Object {
          "alignItems": "center",
          "flexDirection": "row",
          "height": 43,
          "marginBottom": 0,
        }
      }
    >
      <View
        style={
          Array [
            Object {
              "alignItems": "center",
              "backgroundColor": "transparent",
              "borderBottomWidth": 1,
              "borderColor": "rgba(192,192,192,0.4)",
              "flex": 1,
              "flexDirection": "row",
              "paddingLeft": 0,
              "paddingRight": 20,
            },
            Object {
              "paddingBottom": 10,
              "paddingTop": 10,
            },
          ]
        }
      >
        <View
          accessibilityComponentType={undefined}
          accessibilityLabel={undefined}
          accessibilityTraits={undefined}
          accessible={true}
          hitSlop={undefined}
          nativeID={undefined}
          onLayout={undefined}
          onResponderGrant={[Function]}
          onResponderMove={[Function]}
          onResponderRelease={[Function]}
          onResponderTerminate={[Function]}
          onResponderTerminationRequest={[Function]}
          onStartShouldSetResponder={[Function]}
          style={
            Object {
              "alignItems": "center",
              "flex": 1,
              "flexDirection": "row",
            }
          }
          testID={undefined}
        >
          <Text
            accessible={true}
            allowFontScaling={true}
            ellipsizeMode="tail"
            numberOfLines={1}
            style={
              Array [
                Object {
                  "color": "#58595B",
                  "flex": 1,
                  "fontSize": 15,
                },
                Object {},
              ]
            }
          >
            Select
          </Text>
          <Text
            accessible={true}
            allowFontScaling={false}
            ellipsizeMode="tail"
            style={
              Array [
                Object {
                  "color": undefined,
                  "fontSize": 12,
                },
                Object {
                  "color": "#FF8B00",
                  "fontSize": 18,
                },
                Object {
                  "fontFamily": "Ionicons",
                  "fontStyle": "normal",
                  "fontWeight": "normal",
                },
              ]
            }
          >
            
          </Text>
        </View>
      </View>
    </View>
  </View>
</View>
`;
