// Jest Snapshot v1, https://goo.gl/fbAQLP

exports[`AccountAccessListScreen renders correctly 1`] = `
ShallowWrapper {
  "length": 1,
  Symbol(enzyme.__root__): [Circular],
  Symbol(enzyme.__unrendered__): <AccountAccessListScreen
    navigator={
      Object {
        "pop": [MockFunction],
        "push": [MockFunction],
        "setButtons": [MockFunction],
        "setOnNavigatorEvent": [MockFunction],
      }
    }
    store={
      Object {
        "clearActions": [Function],
        "dispatch": [Function],
        "getActions": [Function],
        "getState": [Function],
        "replaceReducer": [Function],
        "subscribe": [Function],
      }
    }
  />,
  Symbol(enzyme.__renderer__): Object {
    "batchedUpdates": [Function],
    "getNode": [Function],
    "render": [Function],
    "simulateEvent": [Function],
    "unmount": [Function],
  },
  Symbol(enzyme.__node__): Object {
    "instance": null,
    "key": undefined,
    "nodeType": "class",
    "props": Object {
      "children": Array [
        <BackgroundImage
          source={1}
          style={undefined}
        />,
        <FakeNavigationBar
          navBarHidden={false}
        />,
        <ScreenTitle
          title="Accounts"
        />,
        <FlatList
          ItemSeparatorComponent={[Function]}
          data={undefined}
          disableVirtualization={false}
          horizontal={false}
          initialNumToRender={10}
          keyExtractor={[Function]}
          maxToRenderPerBatch={10}
          numColumns={1}
          onEndReachedThreshold={2}
          renderItem={[Function]}
          scrollEventThrottle={50}
          style={
            Object {
              "flex": 1,
            }
          }
          updateCellsBatchingPeriod={50}
          windowSize={21}
        />,
        <View
          style={
            Object {
              "borderWidth": 0,
              "marginBottom": 40,
              "marginTop": 10,
            }
          }
        >
          <Button
            enabled={true}
            onPress={[Function]}
            style={
              Object {
                "alignSelf": "stretch",
                "backgroundColor": "transparent",
                "borderRadius": 0,
              }
            }
            styleTitle={
              Object {
                "color": "#58595B",
                "fontSize": 15,
                "fontWeight": "bold",
              }
            }
            testID="accountAccess_restoreButton"
            title="Restore Account"
          />
          <View
            style={undefined}
          />
        </View>,
        <Button
          enabled={true}
          onPress={[Function]}
          style={
            Object {
              "alignSelf": "stretch",
              "backgroundColor": "white",
              "borderRadius": 0,
              "height": 54,
            }
          }
          styleTitle={
            Object {
              "color": "#FF8B00",
              "fontSize": 15,
              "fontWeight": "900",
            }
          }
          testID="accountAccess_createButton"
          title="NEW ACCOUNT"
        />,
      ],
      "style": Object {
        "alignItems": "stretch",
        "flex": 1,
        "flexDirection": "column",
        "justifyContent": "flex-start",
      },
      "testID": "accountAccess_wrapperView",
    },
    "ref": null,
    "rendered": Array [
      Object {
        "instance": null,
        "key": undefined,
        "nodeType": "function",
        "props": Object {
          "source": 1,
          "style": undefined,
        },
        "ref": null,
        "rendered": null,
        "type": [Function],
      },
      Object {
        "instance": null,
        "key": undefined,
        "nodeType": "function",
        "props": Object {
          "navBarHidden": false,
        },
        "ref": null,
        "rendered": null,
        "type": [Function],
      },
      Object {
        "instance": null,
        "key": undefined,
        "nodeType": "function",
        "props": Object {
          "title": "Accounts",
        },
        "ref": null,
        "rendered": null,
        "type": [Function],
      },
      Object {
        "instance": null,
        "key": undefined,
        "nodeType": "class",
        "props": Object {
          "ItemSeparatorComponent": [Function],
          "data": undefined,
          "disableVirtualization": false,
          "horizontal": false,
          "initialNumToRender": 10,
          "keyExtractor": [Function],
          "maxToRenderPerBatch": 10,
          "numColumns": 1,
          "onEndReachedThreshold": 2,
          "renderItem": [Function],
          "scrollEventThrottle": 50,
          "style": Object {
            "flex": 1,
          },
          "updateCellsBatchingPeriod": 50,
          "windowSize": 21,
        },
        "ref": null,
        "rendered": null,
        "type": [Function],
      },
      Object {
        "instance": null,
        "key": undefined,
        "nodeType": "class",
        "props": Object {
          "children": Array [
            <Button
              enabled={true}
              onPress={[Function]}
              style={
                Object {
                  "alignSelf": "stretch",
                  "backgroundColor": "transparent",
                  "borderRadius": 0,
                }
              }
              styleTitle={
                Object {
                  "color": "#58595B",
                  "fontSize": 15,
                  "fontWeight": "bold",
                }
              }
              testID="accountAccess_restoreButton"
              title="Restore Account"
            />,
            <View
              style={undefined}
            />,
          ],
          "style": Object {
            "borderWidth": 0,
            "marginBottom": 40,
            "marginTop": 10,
          },
        },
        "ref": null,
        "rendered": Array [
          Object {
            "instance": null,
            "key": undefined,
            "nodeType": "function",
            "props": Object {
              "children": undefined,
              "enabled": true,
              "onPress": [Function],
              "style": Object {
                "alignSelf": "stretch",
                "backgroundColor": "transparent",
                "borderRadius": 0,
              },
              "styleTitle": Object {
                "color": "#58595B",
                "fontSize": 15,
                "fontWeight": "bold",
              },
              "testID": "accountAccess_restoreButton",
              "title": "Restore Account",
            },
            "ref": null,
            "rendered": null,
            "type": [Function],
          },
          Object {
            "instance": null,
            "key": undefined,
            "nodeType": "class",
            "props": Object {
              "style": undefined,
            },
            "ref": null,
            "rendered": null,
            "type": [Function],
          },
        ],
        "type": [Function],
      },
      Object {
        "instance": null,
        "key": undefined,
        "nodeType": "function",
        "props": Object {
          "children": undefined,
          "enabled": true,
          "onPress": [Function],
          "style": Object {
            "alignSelf": "stretch",
            "backgroundColor": "white",
            "borderRadius": 0,
            "height": 54,
          },
          "styleTitle": Object {
            "color": "#FF8B00",
            "fontSize": 15,
            "fontWeight": "900",
          },
          "testID": "accountAccess_createButton",
          "title": "NEW ACCOUNT",
        },
        "ref": null,
        "rendered": null,
        "type": [Function],
      },
    ],
    "type": [Function],
  },
  Symbol(enzyme.__nodes__): Array [
    Object {
      "instance": null,
      "key": undefined,
      "nodeType": "class",
      "props": Object {
        "children": Array [
          <BackgroundImage
            source={1}
            style={undefined}
          />,
          <FakeNavigationBar
            navBarHidden={false}
          />,
          <ScreenTitle
            title="Accounts"
          />,
          <FlatList
            ItemSeparatorComponent={[Function]}
            data={undefined}
            disableVirtualization={false}
            horizontal={false}
            initialNumToRender={10}
            keyExtractor={[Function]}
            maxToRenderPerBatch={10}
            numColumns={1}
            onEndReachedThreshold={2}
            renderItem={[Function]}
            scrollEventThrottle={50}
            style={
              Object {
                "flex": 1,
              }
            }
            updateCellsBatchingPeriod={50}
            windowSize={21}
          />,
          <View
            style={
              Object {
                "borderWidth": 0,
                "marginBottom": 40,
                "marginTop": 10,
              }
            }
          >
            <Button
              enabled={true}
              onPress={[Function]}
              style={
                Object {
                  "alignSelf": "stretch",
                  "backgroundColor": "transparent",
                  "borderRadius": 0,
                }
              }
              styleTitle={
                Object {
                  "color": "#58595B",
                  "fontSize": 15,
                  "fontWeight": "bold",
                }
              }
              testID="accountAccess_restoreButton"
              title="Restore Account"
            />
            <View
              style={undefined}
            />
          </View>,
          <Button
            enabled={true}
            onPress={[Function]}
            style={
              Object {
                "alignSelf": "stretch",
                "backgroundColor": "white",
                "borderRadius": 0,
                "height": 54,
              }
            }
            styleTitle={
              Object {
                "color": "#FF8B00",
                "fontSize": 15,
                "fontWeight": "900",
              }
            }
            testID="accountAccess_createButton"
            title="NEW ACCOUNT"
          />,
        ],
        "style": Object {
          "alignItems": "stretch",
          "flex": 1,
          "flexDirection": "column",
          "justifyContent": "flex-start",
        },
        "testID": "accountAccess_wrapperView",
      },
      "ref": null,
      "rendered": Array [
        Object {
          "instance": null,
          "key": undefined,
          "nodeType": "function",
          "props": Object {
            "source": 1,
            "style": undefined,
          },
          "ref": null,
          "rendered": null,
          "type": [Function],
        },
        Object {
          "instance": null,
          "key": undefined,
          "nodeType": "function",
          "props": Object {
            "navBarHidden": false,
          },
          "ref": null,
          "rendered": null,
          "type": [Function],
        },
        Object {
          "instance": null,
          "key": undefined,
          "nodeType": "function",
          "props": Object {
            "title": "Accounts",
          },
          "ref": null,
          "rendered": null,
          "type": [Function],
        },
        Object {
          "instance": null,
          "key": undefined,
          "nodeType": "class",
          "props": Object {
            "ItemSeparatorComponent": [Function],
            "data": undefined,
            "disableVirtualization": false,
            "horizontal": false,
            "initialNumToRender": 10,
            "keyExtractor": [Function],
            "maxToRenderPerBatch": 10,
            "numColumns": 1,
            "onEndReachedThreshold": 2,
            "renderItem": [Function],
            "scrollEventThrottle": 50,
            "style": Object {
              "flex": 1,
            },
            "updateCellsBatchingPeriod": 50,
            "windowSize": 21,
          },
          "ref": null,
          "rendered": null,
          "type": [Function],
        },
        Object {
          "instance": null,
          "key": undefined,
          "nodeType": "class",
          "props": Object {
            "children": Array [
              <Button
                enabled={true}
                onPress={[Function]}
                style={
                  Object {
                    "alignSelf": "stretch",
                    "backgroundColor": "transparent",
                    "borderRadius": 0,
                  }
                }
                styleTitle={
                  Object {
                    "color": "#58595B",
                    "fontSize": 15,
                    "fontWeight": "bold",
                  }
                }
                testID="accountAccess_restoreButton"
                title="Restore Account"
              />,
              <View
                style={undefined}
              />,
            ],
            "style": Object {
              "borderWidth": 0,
              "marginBottom": 40,
              "marginTop": 10,
            },
          },
          "ref": null,
          "rendered": Array [
            Object {
              "instance": null,
              "key": undefined,
              "nodeType": "function",
              "props": Object {
                "children": undefined,
                "enabled": true,
                "onPress": [Function],
                "style": Object {
                  "alignSelf": "stretch",
                  "backgroundColor": "transparent",
                  "borderRadius": 0,
                },
                "styleTitle": Object {
                  "color": "#58595B",
                  "fontSize": 15,
                  "fontWeight": "bold",
                },
                "testID": "accountAccess_restoreButton",
                "title": "Restore Account",
              },
              "ref": null,
              "rendered": null,
              "type": [Function],
            },
            Object {
              "instance": null,
              "key": undefined,
              "nodeType": "class",
              "props": Object {
                "style": undefined,
              },
              "ref": null,
              "rendered": null,
              "type": [Function],
            },
          ],
          "type": [Function],
        },
        Object {
          "instance": null,
          "key": undefined,
          "nodeType": "function",
          "props": Object {
            "children": undefined,
            "enabled": true,
            "onPress": [Function],
            "style": Object {
              "alignSelf": "stretch",
              "backgroundColor": "white",
              "borderRadius": 0,
              "height": 54,
            },
            "styleTitle": Object {
              "color": "#FF8B00",
              "fontSize": 15,
              "fontWeight": "900",
            },
            "testID": "accountAccess_createButton",
            "title": "NEW ACCOUNT",
          },
          "ref": null,
          "rendered": null,
          "type": [Function],
        },
      ],
      "type": [Function],
    },
  ],
  Symbol(enzyme.__options__): Object {
    "adapter": ReactSixteenAdapter {
      "options": Object {
        "enableComponentDidUpdateOnSetState": true,
      },
    },
  },
}
`;
